Component: ARM Compiler 5.06 update 6 (build 750) Tool: armlink [4d35ed]

==============================================================================

Section Cross References

    startup_stm32f40_41xxx.o(STACK) refers (Special) to heapauxi.o(.text) for __use_two_region_memory
    startup_stm32f40_41xxx.o(HEAP) refers (Special) to heapauxi.o(.text) for __use_two_region_memory
    startup_stm32f40_41xxx.o(RESET) refers (Special) to heapauxi.o(.text) for __use_two_region_memory
    startup_stm32f40_41xxx.o(RESET) refers to startup_stm32f40_41xxx.o(STACK) for __initial_sp
    startup_stm32f40_41xxx.o(RESET) refers to startup_stm32f40_41xxx.o(.text) for Reset_Handler
    startup_stm32f40_41xxx.o(RESET) refers to stm32f4xx_it.o(i.NMI_Handler) for NMI_Handler
    startup_stm32f40_41xxx.o(RESET) refers to context_rvds.o(.text) for HardFault_Handler
    startup_stm32f40_41xxx.o(RESET) refers to stm32f4xx_it.o(i.MemManage_Handler) for MemManage_Handler
    startup_stm32f40_41xxx.o(RESET) refers to stm32f4xx_it.o(i.BusFault_Handler) for BusFault_Handler
    startup_stm32f40_41xxx.o(RESET) refers to stm32f4xx_it.o(i.UsageFault_Handler) for UsageFault_Handler
    startup_stm32f40_41xxx.o(RESET) refers to stm32f4xx_it.o(i.SVC_Handler) for SVC_Handler
    startup_stm32f40_41xxx.o(RESET) refers to stm32f4xx_it.o(i.DebugMon_Handler) for DebugMon_Handler
    startup_stm32f40_41xxx.o(RESET) refers to board.o(i.SysTick_Handler) for SysTick_Handler
    startup_stm32f40_41xxx.o(RESET) refers to usart1.o(i.USART1_IRQHandler) for USART1_IRQHandler
    startup_stm32f40_41xxx.o(RESET) refers to usart2.o(i.USART2_IRQHandler) for USART2_IRQHandler
    startup_stm32f40_41xxx.o(.text) refers (Special) to heapauxi.o(.text) for __use_two_region_memory
    startup_stm32f40_41xxx.o(.text) refers to system_stm32f4xx.o(i.SystemInit) for SystemInit
    startup_stm32f40_41xxx.o(.text) refers to __main.o(!!!main) for __main
    startup_stm32f40_41xxx.o(.text) refers to startup_stm32f40_41xxx.o(HEAP) for Heap_Mem
    startup_stm32f40_41xxx.o(.text) refers to startup_stm32f40_41xxx.o(STACK) for Stack_Mem
    main.o(i.main) refers to delay.o(i.delay_init) for delay_init
    main.o(i.main) refers to usart2.o(i.uart2_init) for uart2_init
    main.o(i.main) refers to led.o(i.LED_Init) for LED_Init
    main.o(i.main) refers to spi.o(i.SpiInit) for SpiInit
    main.o(i.main) refers to app.o(i.Main_APP) for Main_APP
    system_stm32f4xx.o(i.SystemCoreClockUpdate) refers to system_stm32f4xx.o(.data) for SystemCoreClock
    system_stm32f4xx.o(i.SystemInit) refers to system_stm32f4xx.o(i.SetSysClock) for SetSysClock
    led.o(i.LED_Init) refers to stm32f4xx_rcc.o(i.RCC_AHB1PeriphClockCmd) for RCC_AHB1PeriphClockCmd
    led.o(i.LED_Init) refers to stm32f4xx_gpio.o(i.GPIO_Init) for GPIO_Init
    led.o(i.LED_Init) refers to stm32f4xx_gpio.o(i.GPIO_SetBits) for GPIO_SetBits
    usart2.o(.rev16_text) refers (Special) to use_no_semi_2.o(.text) for __use_no_semihosting
    usart2.o(.revsh_text) refers (Special) to use_no_semi_2.o(.text) for __use_no_semihosting
    usart2.o(.rrx_text) refers (Special) to use_no_semi_2.o(.text) for __use_no_semihosting
    usart2.o(i.USART2_Clear) refers (Special) to use_no_semi_2.o(.text) for __use_no_semihosting
    usart2.o(i.USART2_Clear) refers to usart2.o(.data) for ESP_RX_FLAG
    usart2.o(i.USART2_GetRcvData) refers (Special) to use_no_semi_2.o(.text) for __use_no_semihosting
    usart2.o(i.USART2_GetRcvData) refers to kservice.o(i.rt_memcpy) for rt_memcpy
    usart2.o(i.USART2_GetRcvData) refers to usart2.o(.bss) for USART_RX_BUF
    usart2.o(i.USART2_GetRcvNum) refers (Special) to use_no_semi_2.o(.text) for __use_no_semihosting
    usart2.o(i.USART2_GetRcvNum) refers to usart2.o(.data) for UASRT2_RX_BUFFER_LEN
    usart2.o(i.USART2_IRQHandler) refers (Special) to use_no_semi_2.o(.text) for __use_no_semihosting
    usart2.o(i.USART2_IRQHandler) refers to stm32f4xx_usart.o(i.USART_GetITStatus) for USART_GetITStatus
    usart2.o(i.USART2_IRQHandler) refers to usart2.o(.data) for UASRT2_RX_BUFFER_LEN
    usart2.o(i.USART2_IRQHandler) refers to usart2.o(.bss) for USART_RX_BUF
    usart2.o(i.USART2_Write) refers (Special) to use_no_semi_2.o(.text) for __use_no_semihosting
    usart2.o(i.USART2_Write) refers to stm32f4xx_usart.o(i.USART_ClearFlag) for USART_ClearFlag
    usart2.o(i.USART2_Write) refers to stm32f4xx_usart.o(i.USART_GetFlagStatus) for USART_GetFlagStatus
    usart2.o(i.USART2_Write) refers to stm32f4xx_usart.o(i.USART_SendData) for USART_SendData
    usart2.o(i._sys_exit) refers (Special) to use_no_semi_2.o(.text) for __use_no_semihosting
    usart2.o(i.fputc) refers (Special) to use_no_semi_2.o(.text) for __use_no_semihosting
    usart2.o(i.uart2_init) refers (Special) to use_no_semi_2.o(.text) for __use_no_semihosting
    usart2.o(i.uart2_init) refers to stm32f4xx_rcc.o(i.RCC_AHB1PeriphClockCmd) for RCC_AHB1PeriphClockCmd
[...]
    TIM8_BRK_TIM12_IRQHandler                0x080002b3   Thumb Code     0  startup_stm32f40_41xxx.o(.text)
    TIM8_CC_IRQHandler                       0x080002b3   Thumb Code     0  startup_stm32f40_41xxx.o(.text)
    TIM8_TRG_COM_TIM14_IRQHandler            0x080002b3   Thumb Code     0  startup_stm32f40_41xxx.o(.text)
    TIM8_UP_TIM13_IRQHandler                 0x080002b3   Thumb Code     0  startup_stm32f40_41xxx.o(.text)
    UART4_IRQHandler                         0x080002b3   Thumb Code     0  startup_stm32f40_41xxx.o(.text)
    UART5_IRQHandler                         0x080002b3   Thumb Code     0  startup_stm32f40_41xxx.o(.text)
    USART3_IRQHandler                        0x080002b3   Thumb Code     0  startup_stm32f40_41xxx.o(.text)
    USART6_IRQHandler                        0x080002b3   Thumb Code     0  startup_stm32f40_41xxx.o(.text)
    WWDG_IRQHandler                          0x080002b3   Thumb Code     0  startup_stm32f40_41xxx.o(.text)
    __user_initial_stackheap                 0x080002b5   Thumb Code     0  startup_stm32f40_41xxx.o(.text)
    rt_hw_interrupt_disable                  0x080002d9   Thumb Code     8  context_rvds.o(.text)
    rt_hw_interrupt_enable                   0x080002e1   Thumb Code     6  context_rvds.o(.text)
    rt_hw_context_switch                     0x080002e7   Thumb Code    32  context_rvds.o(.text)
    rt_hw_context_switch_interrupt           0x080002e7   Thumb Code     0  context_rvds.o(.text)
    PendSV_Handler                           0x08000307   Thumb Code   108  context_rvds.o(.text)
    rt_hw_context_switch_to                  0x08000373   Thumb Code    68  context_rvds.o(.text)
    rt_hw_interrupt_thread_switch            0x080003b7   Thumb Code     2  context_rvds.o(.text)
    HardFault_Handler                        0x080003b9   Thumb Code    20  context_rvds.o(.text)
    __use_no_semihosting                     0x080003e5   Thumb Code     2  use_no_semi_2.o(.text)
    __2printf                                0x080003e9   Thumb Code    20  noretval__2printf.o(.text)
    __2sprintf                               0x08000401   Thumb Code    34  noretval__2sprintf.o(.text)
    _printf_pre_padding                      0x08000429   Thumb Code    44  _printf_pad.o(.text)
    _printf_post_padding                     0x08000455   Thumb Code    34  _printf_pad.o(.text)
    _printf_str                              0x08000477   Thumb Code    82  _printf_str.o(.text)
    _printf_int_dec                          0x080004c9   Thumb Code   104  _printf_dec.o(.text)
    _printf_int_hex                          0x08000541   Thumb Code    84  _printf_hex_int.o(.text)
    _printf_longlong_hex                     0x08000541   Thumb Code     0  _printf_hex_int.o(.text)
    __printf                                 0x08000599   Thumb Code   308  __printf_flags_wp.o(.text)
    strchr                                   0x080006d1   Thumb Code    20  strchr.o(.text)
    strcpy                                   0x080006e5   Thumb Code    72  strcpy.o(.text)
    strlen                                   0x0800072d   Thumb Code    62  strlen.o(.text)
    __aeabi_memcpy                           0x0800076b   Thumb Code     0  rt_memcpy_v6.o(.text)
    __rt_memcpy                              0x0800076b   Thumb Code   138  rt_memcpy_v6.o(.text)
    _memcpy_lastbytes                        0x080007d1   Thumb Code     0  rt_memcpy_v6.o(.text)
    __aeabi_memcpy4                          0x080007f5   Thumb Code     0  rt_memcpy_w.o(.text)
    __aeabi_memcpy8                          0x080007f5   Thumb Code     0  rt_memcpy_w.o(.text)
    __rt_memcpy_w                            0x080007f5   Thumb Code   100  rt_memcpy_w.o(.text)
    _memcpy_lastbytes_aligned                0x0800083d   Thumb Code     0  rt_memcpy_w.o(.text)
    __aeabi_memclr                           0x08000859   Thumb Code     0  rt_memclr.o(.text)
    __rt_memclr                              0x08000859   Thumb Code    68  rt_memclr.o(.text)
    _memset                                  0x0800085d   Thumb Code     0  rt_memclr.o(.text)
    __aeabi_memclr4                          0x0800089d   Thumb Code     0  rt_memclr_w.o(.text)
    __aeabi_memclr8                          0x0800089d   Thumb Code     0  rt_memclr_w.o(.text)
    __rt_memclr_w                            0x0800089d   Thumb Code    78  rt_memclr_w.o(.text)
    _memset_w                                0x080008a1   Thumb Code     0  rt_memclr_w.o(.text)
    __use_two_region_memory                  0x080008eb   Thumb Code     2  heapauxi.o(.text)
    __rt_heap_escrow                         0x080008ed   Thumb Code     2  heapauxi.o(.text)
    __rt_heap_expand                         0x080008ef   Thumb Code     2  heapauxi.o(.text)
    __I$use$semihosting                      0x080008f1   Thumb Code     0  use_no_semi.o(.text)
    __use_no_semihosting_swi                 0x080008f1   Thumb Code     2  use_no_semi.o(.text)
    _printf_int_common                       0x080008f3   Thumb Code   178  _printf_intcommon.o(.text)
    __lib_sel_fp_printf                      0x080009a5   Thumb Code     2  _printf_fp_dec.o(.text)
    _printf_fp_dec_real                      0x08000b57   Thumb Code   620  _printf_fp_dec.o(.text)
    _printf_char_common                      0x08000dcf   Thumb Code    32  _printf_char_common.o(.text)
    _sputc                                   0x08000df5   Thumb Code    10  _sputc.o(.text)
    _printf_cs_common                        0x08000dff   Thumb Code    20  _printf_char.o(.text)
    _printf_char                             0x08000e13   Thumb Code    16  _printf_char.o(.text)
    _printf_string                           0x08000e23   Thumb Code     8  _printf_char.o(.text)
    _printf_char_file                        0x08000e2d   Thumb Code    32  _printf_char_file.o(.text)
    __user_libspace                          0x08000e51   Thumb Code     8  libspace.o(.text)
    __user_perproc_libspace                  0x08000e51   Thumb Code     0  libspace.o(.text)
    __user_perthread_libspace                0x08000e51   Thumb Code     0  libspace.o(.text)
    __rt_locale                              0x08000e59   Thumb Code     8  rt_locale_intlibspace.o(.text)
    _ll_udiv10                               0x08000e61   Thumb Code   138  lludiv10.o(.text)
    _printf_fp_infnan                        0x08000eed   Thumb Code   112  _printf_fp_infnan.o(.text)
    _btod_etento                             0x08000f6d   Thumb Code   224  bigflt0.o(.text)
    ferror                                   0x08001051   Thumb Code     8  ferror.o(.text)
    __user_setup_stackheap                   0x08001059   Thumb Code    74  sys_stackheap_outer.o(.text)
    exit                                     0x080010a3   Thumb Code    18  exit.o(.text)
    strcmp                                   0x080010b5   Thumb Code   128  strcmpv7m.o(.text)
    _btod_d2e                                0x08001135   Thumb Code    62  btod.o(CL$$btod_d2e)
    _d2e_denorm_low                          0x08001173   Thumb Code    70  btod.o(CL$$btod_d2e_denorm_low)
    _d2e_norm_op1                            0x080011b9   Thumb Code    96  btod.o(CL$$btod_d2e_norm_op1)
    __btod_div_common                        0x08001219   Thumb Code   696  btod.o(CL$$btod_div_common)
    _e2e                                     0x08001551   Thumb Code   220  btod.o(CL$$btod_e2e)
    _btod_ediv                               0x0800162d   Thumb Code    42  btod.o(CL$$btod_ediv)
    _btod_emul                               0x08001657   Thumb Code    42  btod.o(CL$$btod_emul)
    __btod_mult_common                       0x08001681   Thumb Code   580  btod.o(CL$$btod_mult_common)
    main                                     0x080018c5   Thumb Code    14  components.o(i.$Sub$$main)
    BusFault_Handler                         0x080018d3   Thumb Code     4  stm32f4xx_it.o(i.BusFault_Handler)
    Check_NETSTATUS                          0x080018d9   Thumb Code    78  esp8266.o(i.Check_NETSTATUS)
    DebugMon_Handler                         0x0800196d   Thumb Code     2  stm32f4xx_it.o(i.DebugMon_Handler)
    ESP_ENDSEND                              0x08001971   Thumb Code    52  esp8266.o(i.ESP_ENDSEND)
    ESP_SendCMD                              0x080019b9   Thumb Code    64  esp8266.o(i.ESP_SendCMD)
    ESP_TCP_CONNECT                          0x08001a01   Thumb Code    74  esp8266.o(i.ESP_TCP_CONNECT)
    GPIO_Init                                0x08001a69   Thumb Code   144  stm32f4xx_gpio.o(i.GPIO_Init)
    GPIO_PinAFConfig                         0x08001af9   Thumb Code    70  stm32f4xx_gpio.o(i.GPIO_PinAFConfig)
    GPIO_ReadInputDataBit                    0x08001b3f   Thumb Code    18  stm32f4xx_gpio.o(i.GPIO_ReadInputDataBit)
    GPIO_SetBits                             0x08001b51   Thumb Code     4  stm32f4xx_gpio.o(i.GPIO_SetBits)
    GPIO_WriteBit                            0x08001b55   Thumb Code    10  stm32f4xx_gpio.o(i.GPIO_WriteBit)
    LED_Init                                 0x08001b61   Thumb Code    56  led.o(i.LED_Init)
    LoraNode_Find                            0x08001b9d   Thumb Code    42  lora_network.o(i.LoraNode_Find)
    Main_APP                                 0x08001c45   Thumb Code    90  app.o(i.Main_APP)
    MemManage_Handler                        0x08001cc9   Thumb Code     4  stm32f4xx_it.o(i.MemManage_Handler)
    NMI_Handler                              0x08001ccd   Thumb Code     2  stm32f4xx_it.o(i.NMI_Handler)
    NVIC_Init                                0x08001cd1   Thumb Code   106  misc.o(i.NVIC_Init)
    RCC_AHB1PeriphClockCmd                   0x08001d49   Thumb Code    26  stm32f4xx_rcc.o(i.RCC_AHB1PeriphClockCmd)
    RCC_APB1PeriphClockCmd                   0x08001d69   Thumb Code    26  stm32f4xx_rcc.o(i.RCC_APB1PeriphClockCmd)
    RCC_APB2PeriphClockCmd                   0x08001d89   Thumb Code    26  stm32f4xx_rcc.o(i.RCC_APB2PeriphClockCmd)
    RCC_GetClocksFreq                        0x08001da9   Thumb Code   214  stm32f4xx_rcc.o(i.RCC_GetClocksFreq)
    RadioDriverInit                          0x08001e91   Thumb Code    30  radio.o(i.RadioDriverInit)
    SPI_Cmd                                  0x08001ecd   Thumb Code    24  stm32f4xx_spi.o(i.SPI_Cmd)
    SPI_I2S_GetFlagStatus                    0x08001ee5   Thumb Code    18  stm32f4xx_spi.o(i.SPI_I2S_GetFlagStatus)
    SPI_I2S_ReceiveData                      0x08001ef7   Thumb Code     6  stm32f4xx_spi.o(i.SPI_I2S_ReceiveData)
    SPI_I2S_SendData                         0x08001efd   Thumb Code     4  stm32f4xx_spi.o(i.SPI_I2S_SendData)
    SPI_Init                                 0x08001f01   Thumb Code    60  stm32f4xx_spi.o(i.SPI_Init)
    SVC_Handler                              0x08001f3d   Thumb Code     2  stm32f4xx_it.o(i.SVC_Handler)
    SX1276FskGetPacketPayloadSize            0x08001f41   Thumb Code    92  sx1276-fsk.o(i.SX1276FskGetPacketPayloadSize)
    SX1276FskGetRxPacket                     0x08001fa1   Thumb Code    30  sx1276-fsk.o(i.SX1276FskGetRxPacket)
    SX1276FskProcess                         0x08001fc9   Thumb Code  1494  sx1276-fsk.o(i.SX1276FskProcess)
    SX1276FskReadAfc                         0x080025c9   Thumb Code    84  sx1276-fsk.o(i.SX1276FskReadAfc)
    SX1276FskReadRssi                        0x08002629   Thumb Code    62  sx1276-fsk.o(i.SX1276FskReadRssi)
    SX1276FskReadRxGain                      0x08002675   Thumb Code    24  sx1276-fsk.o(i.SX1276FskReadRxGain)
    SX1276FskSetOpMode                       0x08002691   Thumb Code    82  sx1276-fsk.o(i.SX1276FskSetOpMode)
    SX1276FskSetRFState                      0x080026f1   Thumb Code     6  sx1276-fsk.o(i.SX1276FskSetRFState)
    SX1276FskSetTxPacket                     0x080026fd   Thumb Code    28  sx1276-fsk.o(i.SX1276FskSetTxPacket)
    SX1276GetRxPacket                        0x08002725   Thumb Code    32  sx1276.o(i.SX1276GetRxPacket)
    SX1276Init                               0x08002749   Thumb Code    40  sx1276.o(i.SX1276Init)
    SX1276InitIo                             0x08002781   Thumb Code   152  sx1276-hal.o(i.SX1276InitIo)
    SX1276LoRaGetRxPacket                    0x08002821   Thumb Code    30  sx1276-lora.o(i.SX1276LoRaGetRxPacket)
    SX1276LoRaInit                           0x08002849   Thumb Code   182  sx1276-lora.o(i.SX1276LoRaInit)
    SX1276LoRaProcess                        0x08002915   Thumb Code  1764  sx1276-lora.o(i.SX1276LoRaProcess)
    SX1276LoRaReadRxGain                     0x08003015   Thumb Code    24  sx1276-lora.o(i.SX1276LoRaReadRxGain)
    SX1276LoRaSetDefaults                    0x08003031   Thumb Code    16  sx1276-lora.o(i.SX1276LoRaSetDefaults)
    SX1276LoRaSetErrorCoding                 0x08003045   Thumb Code    54  sx1276-loramisc.o(i.SX1276LoRaSetErrorCoding)
    SX1276LoRaSetImplicitHeaderOn            0x08003085   Thumb Code    52  sx1276-loramisc.o(i.SX1276LoRaSetImplicitHeaderOn)
    SX1276LoRaSetLowDatarateOptimize         0x080030c1   Thumb Code    56  sx1276-loramisc.o(i.SX1276LoRaSetLowDatarateOptimize)
    SX1276LoRaSetNbTrigPeaks                 0x080030fd   Thumb Code    54  sx1276-loramisc.o(i.SX1276LoRaSetNbTrigPeaks)
    SX1276LoRaSetOpMode                      0x08003139   Thumb Code    82  sx1276-lora.o(i.SX1276LoRaSetOpMode)
    SX1276LoRaSetPAOutput                    0x08003199   Thumb Code    48  sx1276-loramisc.o(i.SX1276LoRaSetPAOutput)
    SX1276LoRaSetPa20dBm                     0x080031cd   Thumb Code    84  sx1276-loramisc.o(i.SX1276LoRaSetPa20dBm)
    SX1276LoRaSetPacketCrcOn                 0x08003225   Thumb Code    54  sx1276-loramisc.o(i.SX1276LoRaSetPacketCrcOn)
    SX1276LoRaSetPayloadLength               0x08003265   Thumb Code    32  sx1276-loramisc.o(i.SX1276LoRaSetPayloadLength)
    SX1276LoRaSetRFFrequency                 0x0800328d   Thumb Code    86  sx1276-loramisc.o(i.SX1276LoRaSetRFFrequency)
    SX1276LoRaSetRFPower                     0x080032f5   Thumb Code   252  sx1276-loramisc.o(i.SX1276LoRaSetRFPower)
    SX1276LoRaSetRFState                     0x080033f9   Thumb Code     6  sx1276-lora.o(i.SX1276LoRaSetRFState)
    SX1276LoRaSetSignalBandwidth             0x08003405   Thumb Code    50  sx1276-loramisc.o(i.SX1276LoRaSetSignalBandwidth)
    SX1276LoRaSetSpreadingFactor             0x08003441   Thumb Code    82  sx1276-loramisc.o(i.SX1276LoRaSetSpreadingFactor)
    SX1276LoRaSetSymbTimeout                 0x0800349d   Thumb Code    66  sx1276-loramisc.o(i.SX1276LoRaSetSymbTimeout)
    SX1276LoRaSetTxPacket                    0x080034e5   Thumb Code    44  sx1276-lora.o(i.SX1276LoRaSetTxPacket)
    SX1276Process                            0x08003521   Thumb Code    20  sx1276.o(i.SX1276Process)
    SX1276Read                               0x08003539   Thumb Code    18  sx1276-hal.o(i.SX1276Read)
    SX1276ReadBuffer                         0x0800354d   Thumb Code    62  sx1276-hal.o(i.SX1276ReadBuffer)
    SX1276ReadDio0                           0x08003591   Thumb Code    12  sx1276-hal.o(i.SX1276ReadDio0)
    SX1276ReadDio1                           0x080035a1   Thumb Code    12  sx1276-hal.o(i.SX1276ReadDio1)
    SX1276ReadDio2                           0x080035b1   Thumb Code    12  sx1276-hal.o(i.SX1276ReadDio2)
    SX1276ReadDio3                           0x080035c1   Thumb Code    12  sx1276-hal.o(i.SX1276ReadDio3)
    SX1276ReadDio4                           0x080035d1   Thumb Code    12  sx1276-hal.o(i.SX1276ReadDio4)
    SX1276ReadFifo                           0x080035e1   Thumb Code    18  sx1276-hal.o(i.SX1276ReadFifo)
    SX1276Reset                              0x080035f3   Thumb Code    28  sx1276.o(i.SX1276Reset)
    SX1276SetLoRaOn                          0x08003611   Thumb Code   170  sx1276.o(i.SX1276SetLoRaOn)
    SX1276SetReset                           0x080036cd   Thumb Code    32  sx1276-hal.o(i.SX1276SetReset)
    SX1276SetTxPacket                        0x080036f1   Thumb Code    32  sx1276.o(i.SX1276SetTxPacket)
    SX1276StartRx                            0x08003715   Thumb Code    24  sx1276.o(i.SX1276StartRx)
    SX1276Write                              0x08003731   Thumb Code    16  sx1276-hal.o(i.SX1276Write)
    SX1276WriteBuffer                        0x08003741   Thumb Code    60  sx1276-hal.o(i.SX1276WriteBuffer)
    SX1276WriteFifo                          0x08003781   Thumb Code    18  sx1276-hal.o(i.SX1276WriteFifo)
    SpiInOut                                 0x08003881   Thumb Code    50  spi.o(i.SpiInOut)
    SpiInit                                  0x080038b9   Thumb Code   160  spi.o(i.SpiInit)
    SysTick_CLKSourceConfig                  0x08003961   Thumb Code    40  misc.o(i.SysTick_CLKSourceConfig)
    SysTick_Handler                          0x08003989   Thumb Code    16  board.o(i.SysTick_Handler)
    SystemInit                               0x08003999   Thumb Code    88  system_stm32f4xx.o(i.SystemInit)
    TCP_Upload_PT                            0x08003a01   Thumb Code   354  onenet_hal.o(i.TCP_Upload_PT)
    TCP_Upload_TR                            0x08003c39   Thumb Code   354  onenet_hal.o(i.TCP_Upload_TR)
    USART1_IRQHandler                        0x08003e6d   Thumb Code    10  usart1.o(i.USART1_IRQHandler)
    USART2_Clear                             0x08003e7d   Thumb Code    12  usart2.o(i.USART2_Clear)
    USART2_IRQHandler                        0x08003e91   Thumb Code    54  usart2.o(i.USART2_IRQHandler)
    USART_ClearFlag                          0x08003ed5   Thumb Code    18  stm32f4xx_usart.o(i.USART_ClearFlag)
    USART_Cmd                                0x08003ee7   Thumb Code    24  stm32f4xx_usart.o(i.USART_Cmd)
    USART_GetFlagStatus                      0x08003eff   Thumb Code    26  stm32f4xx_usart.o(i.USART_GetFlagStatus)
    USART_GetITStatus                        0x08003f19   Thumb Code    84  stm32f4xx_usart.o(i.USART_GetITStatus)
    USART_ITConfig                           0x08003f6d   Thumb Code    74  stm32f4xx_usart.o(i.USART_ITConfig)
    USART_Init                               0x08003fb9   Thumb Code   204  stm32f4xx_usart.o(i.USART_Init)
    USART_ReceiveData                        0x0800408d   Thumb Code    10  stm32f4xx_usart.o(i.USART_ReceiveData)
    USART_SendData                           0x08004097   Thumb Code     8  stm32f4xx_usart.o(i.USART_SendData)
    UsageFault_Handler                       0x0800422d   Thumb Code     4  stm32f4xx_it.o(i.UsageFault_Handler)
    __ARM_fpclassify                         0x08004231   Thumb Code    48  fpclassify.o(i.__ARM_fpclassify)
    __hardfp_fabs                            0x08004261   Thumb Code    20  fabs.o(i.__hardfp_fabs)
    __hardfp_floor                           0x08004279   Thumb Code   252  floor.o(i.__hardfp_floor)
    __hardfp_round                           0x08004391   Thumb Code   194  round.o(i.__hardfp_round)
    __rt_ffs                                 0x08004471   Thumb Code    70  kservice.o(i.__rt_ffs)
    _is_digit                                0x080044d1   Thumb Code    14  __printf_wp.o(i._is_digit)
    _sys_exit                                0x08004745   Thumb Code     4  usart2.o(i._sys_exit)
    cJSON_AddItemToArray                     0x08004749   Thumb Code    42  cjson.o(i.cJSON_AddItemToArray)
    cJSON_AddItemToObject                    0x08004775   Thumb Code    44  cjson.o(i.cJSON_AddItemToObject)
    cJSON_CreateArray                        0x080047a5   Thumb Code    18  cjson.o(i.cJSON_CreateArray)
    cJSON_CreateNumber                       0x080047b7   Thumb Code    48  cjson.o(i.cJSON_CreateNumber)
    cJSON_CreateObject                       0x080047e7   Thumb Code    18  cjson.o(i.cJSON_CreateObject)
    cJSON_CreateString                       0x080047f9   Thumb Code    28  cjson.o(i.cJSON_CreateString)
    cJSON_Delete                             0x08004815   Thumb Code    82  cjson.o(i.cJSON_Delete)
    cJSON_PrintUnformatted                   0x0800488d   Thumb Code    18  cjson.o(i.cJSON_PrintUnformatted)
    delay_init                               0x080048cd   Thumb Code    76  delay.o(i.delay_init)
    delay_ms                                 0x08004921   Thumb Code    66  delay.o(i.delay_ms)
    delay_osschedlock                        0x08004971   Thumb Code     8  delay.o(i.delay_osschedlock)
    delay_osschedunlock                      0x08004979   Thumb Code     8  delay.o(i.delay_osschedunlock)
    delay_ostimedly                          0x08004981   Thumb Code    12  delay.o(i.delay_ostimedly)
    delay_us                                 0x0800498d   Thumb Code    84  delay.o(i.delay_us)
    fputc                                    0x08004a55   Thumb Code    24  usart2.o(i.fputc)
    list_thread                              0x08004a71   Thumb Code    10  cmd.o(i.list_thread)
    $Super$$main                             0x08004a81   Thumb Code    34  main.o(i.main)
    main_thread_entry                        0x08004aa3   Thumb Code    14  components.o(i.main_thread_entry)
    rt_application_init                      0x080058dd   Thumb Code    32  components.o(i.rt_application_init)
    rt_components_board_init                 0x08005909   Thumb Code    38  components.o(i.rt_components_board_init)
    rt_components_init                       0x08005955   Thumb Code    44  components.o(i.rt_components_init)
    rt_console_set_device                    0x080059c5   Thumb Code    48  kservice.o(i.rt_console_set_device)
    rt_device_close                          0x080059f9   Thumb Code    54  device.o(i.rt_device_close)
    rt_device_find                           0x08005a31   Thumb Code    76  device.o(i.rt_device_find)
    rt_device_open                           0x08005a81   Thumb Code   110  device.o(i.rt_device_open)
    rt_device_write                          0x08005b29   Thumb Code    62  device.o(i.rt_device_write)
    rt_enter_critical                        0x08005b69   Thumb Code    28  scheduler.o(i.rt_enter_critical)
    rt_exit_critical                         0x08005b89   Thumb Code    54  scheduler.o(i.rt_exit_critical)
    rt_free                                  0x08005bc5   Thumb Code    98  mem.o(i.rt_free)
    rt_hw_board_init                         0x08005c3d   Thumb Code   114  board.o(i.rt_hw_board_init)
    rt_hw_console_output                     0x08005ccd   Thumb Code    74  usart1.o(i.rt_hw_console_output)
    rt_hw_hard_fault_exception               0x08005d1d   Thumb Code   112  cpuport.o(i.rt_hw_hard_fault_exception)
    rt_hw_stack_init                         0x08005e2d   Thumb Code    74  cpuport.o(i.rt_hw_stack_init)
    rt_interrupt_enter                       0x08005e7d   Thumb Code    26  irq.o(i.rt_interrupt_enter)
    rt_interrupt_get_nest                    0x08005e9d   Thumb Code     6  irq.o(i.rt_interrupt_get_nest)
    rt_interrupt_leave                       0x08005ea9   Thumb Code    26  irq.o(i.rt_interrupt_leave)
    rt_kprintf                               0x08005f59   Thumb Code    96  kservice.o(i.rt_kprintf)
    rt_malloc                                0x08006051   Thumb Code   336  mem.o(i.rt_malloc)
    rt_memcmp                                0x080061bd   Thumb Code    38  kservice.o(i.rt_memcmp)
    rt_memset                                0x080061e3   Thumb Code    72  kservice.o(i.rt_memset)
    rt_object_allocate                       0x0800622d   Thumb Code    72  object.o(i.rt_object_allocate)
    rt_object_delete                         0x08006279   Thumb Code    32  object.o(i.rt_object_delete)
    rt_object_detach                         0x08006299   Thumb Code    26  object.o(i.rt_object_detach)
    rt_object_init                           0x080062b5   Thumb Code    58  object.o(i.rt_object_init)
    rt_object_is_systemobject                0x080062f5   Thumb Code    18  object.o(i.rt_object_is_systemobject)
    rt_ringbuffer_putchar_force              0x08006375   Thumb Code   126  ringbuffer.o(i.rt_ringbuffer_putchar_force)
    rt_schedule                              0x0800641d   Thumb Code    98  scheduler.o(i.rt_schedule)
    rt_schedule_insert_thread                0x08006499   Thumb Code    64  scheduler.o(i.rt_schedule_insert_thread)
    rt_schedule_remove_thread                0x080064e1   Thumb Code    76  scheduler.o(i.rt_schedule_remove_thread)
    rt_sem_init                              0x08006535   Thumb Code    38  ipc.o(i.rt_sem_init)
    rt_sem_release                           0x0800655b   Thumb Code    58  ipc.o(i.rt_sem_release)
    rt_sem_take                              0x08006595   Thumb Code   116  ipc.o(i.rt_sem_take)
    rt_set_errno                             0x08006609   Thumb Code    36  kservice.o(i.rt_set_errno)
    rt_show_version                          0x08006631   Thumb Code    38  kservice.o(i.rt_show_version)
    rt_soft_timer_check                      0x080066e1   Thumb Code   120  timer.o(i.rt_soft_timer_check)
    rt_strlen                                0x0800675d   Thumb Code    18  kservice.o(i.rt_strlen)
    rt_strncmp                               0x0800676f   Thumb Code    40  kservice.o(i.rt_strncmp)
    rt_strncpy                               0x08006797   Thumb Code    52  kservice.o(i.rt_strncpy)
    rt_strstr                                0x080067cb   Thumb Code    58  kservice.o(i.rt_strstr)
    rt_system_heap_init                      0x08006805   Thumb Code   160  mem.o(i.rt_system_heap_init)
    rt_system_scheduler_init                 0x080068fd   Thumb Code    52  scheduler.o(i.rt_system_scheduler_init)
    rt_system_scheduler_start                0x08006949   Thumb Code    36  scheduler.o(i.rt_system_scheduler_start)
    rt_system_timer_init                     0x08006979   Thumb Code    24  timer.o(i.rt_system_timer_init)
    rt_system_timer_thread_init              0x08006995   Thumb Code    58  timer.o(i.rt_system_timer_thread_init)
    rt_thread_create                         0x080069e9   Thumb Code    80  thread.o(i.rt_thread_create)
    rt_thread_delay                          0x08006a39   Thumb Code    12  thread.o(i.rt_thread_delay)
    rt_thread_exit                           0x08006a45   Thumb Code    76  thread.o(i.rt_thread_exit)
    rt_thread_idle_excute                    0x08006aa1   Thumb Code   114  idle.o(i.rt_thread_idle_excute)
    rt_thread_idle_init                      0x08006b19   Thumb Code    38  idle.o(i.rt_thread_idle_init)
    rt_thread_init                           0x08006b55   Thumb Code    52  thread.o(i.rt_thread_init)
    rt_thread_resume                         0x08006b89   Thumb Code    56  thread.o(i.rt_thread_resume)
    rt_thread_self                           0x08006bc1   Thumb Code     6  thread.o(i.rt_thread_self)
    rt_thread_sleep                          0x08006bcd   Thumb Code    62  thread.o(i.rt_thread_sleep)
    rt_thread_startup                        0x08006c11   Thumb Code    44  thread.o(i.rt_thread_startup)
    rt_thread_suspend                        0x08006c3d   Thumb Code    54  thread.o(i.rt_thread_suspend)
    rt_thread_timeout                        0x08006c73   Thumb Code    32  thread.o(i.rt_thread_timeout)
    rt_thread_yield                          0x08006cd9   Thumb Code    88  thread.o(i.rt_thread_yield)
    rt_tick_get                              0x08006d39   Thumb Code     6  clock.o(i.rt_tick_get)
    rt_tick_increase                         0x08006d45   Thumb Code    42  clock.o(i.rt_tick_increase)
    rt_timer_check                           0x08006d75   Thumb Code   118  timer.o(i.rt_timer_check)
    rt_timer_control                         0x08006df1   Thumb Code    56  timer.o(i.rt_timer_control)
    rt_timer_create                          0x08006e29   Thumb Code    54  timer.o(i.rt_timer_create)
    rt_timer_detach                          0x08006e5f   Thumb Code    32  timer.o(i.rt_timer_detach)
    rt_timer_init                            0x08006e7f   Thumb Code    46  timer.o(i.rt_timer_init)
    rt_timer_start                           0x08006ec9   Thumb Code   278  timer.o(i.rt_timer_start)
    rt_timer_stop                            0x08006ff1   Thumb Code    48  timer.o(i.rt_timer_stop)
    rt_vsnprintf                             0x08007021   Thumb Code   800  kservice.o(i.rt_vsnprintf)
    rtthread_startup                         0x08007355   Thumb Code    42  components.o(i.rtthread_startup)
    uart2_init                               0x080073ad   Thumb Code   170  usart2.o(i.uart2_init)
    uart_init                                0x08007461   Thumb Code   172  usart1.o(i.uart_init)
    uart_irq_handler                         0x08007515   Thumb Code    66  usart1.o(i.uart_irq_handler)
    _get_lc_numeric                          0x0800757d   Thumb Code    44  lc_numeric_c.o(locale$$code)
    __aeabi_dneg                             0x080075a9   Thumb Code     0  basic.o(x$fpl$basic)
    _dneg                                    0x080075a9   Thumb Code     6  basic.o(x$fpl$basic)
    __aeabi_fneg                             0x080075af   Thumb Code     0  basic.o(x$fpl$basic)
    _fneg                                    0x080075af   Thumb Code     6  basic.o(x$fpl$basic)
    _dabs                                    0x080075b5   Thumb Code     6  basic.o(x$fpl$basic)
    _fabs                                    0x080075bb   Thumb Code     6  basic.o(x$fpl$basic)
    __aeabi_dadd                             0x080075c1   Thumb Code     0  daddsub_clz.o(x$fpl$dadd)
    _dadd                                    0x080075c1   Thumb Code   332  daddsub_clz.o(x$fpl$dadd)
    __fpl_dcmp_Inf                           0x08007711   Thumb Code    24  dcmpi.o(x$fpl$dcmpinf)
    __aeabi_ddiv                             0x08007729   Thumb Code     0  ddiv.o(x$fpl$ddiv)
    _ddiv                                    0x08007729   Thumb Code   552  ddiv.o(x$fpl$ddiv)
    __aeabi_cdcmpeq                          0x080079d9   Thumb Code     0  deqf.o(x$fpl$deqf)
    _dcmpeq                                  0x080079d9   Thumb Code   120  deqf.o(x$fpl$deqf)
    __aeabi_d2iz                             0x08007a51   Thumb Code     0  dfix.o(x$fpl$dfix)
    _dfix                                    0x08007a51   Thumb Code    94  dfix.o(x$fpl$dfix)
    __aeabi_d2uiz                            0x08007ab1   Thumb Code     0  dfixu.o(x$fpl$dfixu)
    _dfixu                                   0x08007ab1   Thumb Code    90  dfixu.o(x$fpl$dfixu)
    __aeabi_i2d                              0x08007b0b   Thumb Code     0  dflt_clz.o(x$fpl$dflt)
    _dflt                                    0x08007b0b   Thumb Code    46  dflt_clz.o(x$fpl$dflt)
    __aeabi_ui2d                             0x08007b39   Thumb Code     0  dflt_clz.o(x$fpl$dfltu)
    _dfltu                                   0x08007b39   Thumb Code    38  dflt_clz.o(x$fpl$dfltu)
    __aeabi_cdcmple                          0x08007b61   Thumb Code     0  dleqf.o(x$fpl$dleqf)
    _dcmple                                  0x08007b61   Thumb Code   120  dleqf.o(x$fpl$dleqf)
    __fpl_dcmple_InfNaN                      0x08007bc3   Thumb Code     0  dleqf.o(x$fpl$dleqf)
    __aeabi_dmul                             0x08007bd9   Thumb Code     0  dmul.o(x$fpl$dmul)
    _dmul                                    0x08007bd9   Thumb Code   332  dmul.o(x$fpl$dmul)
    __fpl_dnaninf                            0x08007d2d   Thumb Code   156  dnaninf.o(x$fpl$dnaninf)
    __fpl_dretinf                            0x08007dc9   Thumb Code    12  dretinf.o(x$fpl$dretinf)
    __aeabi_cdrcmple                         0x08007dd5   Thumb Code     0  drleqf.o(x$fpl$drleqf)
    _drcmple                                 0x08007dd5   Thumb Code   108  drleqf.o(x$fpl$drleqf)
    _drnd                                    0x08007e41   Thumb Code   180  drnd.o(x$fpl$drnd)
    __aeabi_drsub                            0x08007ef5   Thumb Code     0  daddsub_clz.o(x$fpl$drsb)
    _drsb                                    0x08007ef5   Thumb Code    22  daddsub_clz.o(x$fpl$drsb)
    __aeabi_dsub                             0x08007f0d   Thumb Code     0  daddsub_clz.o(x$fpl$dsub)
    _dsub                                    0x08007f0d   Thumb Code   464  daddsub_clz.o(x$fpl$dsub)
    _fp_init                                 0x080080e1   Thumb Code    10  fpinit.o(x$fpl$fpinit)
    __fplib_config_fpu_vfp                   0x080080e9   Thumb Code     0  fpinit.o(x$fpl$fpinit)
    __fplib_config_pureend_doubles           0x080080e9   Thumb Code     0  fpinit.o(x$fpl$fpinit)
    _printf_fp_dec                           0x080080eb   Thumb Code     4  printf1.o(x$fpl$printf1)
    __I$use$fp                               0x080080ee   Number         0  usenofp.o(x$fpl$usenofp)
    SignalBwLog                              0x080080f0   Data          80  sx1276-lora.o(.constdata)
    RssiOffsetLF                             0x08008140   Data          80  sx1276-lora.o(.constdata)
    RssiOffsetHF                             0x08008190   Data          80  sx1276-lora.o(.constdata)
    HoppingFrequencies                       0x080081e0   Data         204  sx1276-lora.o(.constdata)
    MY_TEST_Msg                              0x080082ac   Data          12  app.o(.constdata)
    __rti_rti_start_name                     0x080082b8   Data          10  components.o(.constdata)
    __rti_rti_board_start_name               0x080082c2   Data          16  components.o(.constdata)
    __rti_rti_board_end_name                 0x080082d2   Data          14  components.o(.constdata)
    __rti_rti_end_name                       0x080082e0   Data           8  components.o(.constdata)
    __lowest_bit_bitmap                      0x080082e8   Data         256  kservice.o(.constdata)
    __rt_init_desc_rti_board_start           0x0800851c   Data           8  components.o(.rti_fn.0.end)
    __rt_init_desc_rti_board_end             0x08008524   Data           8  components.o(.rti_fn.1.end)
    __rt_init_desc_rti_end                   0x0800852c   Data           8  components.o(.rti_fn.6.end)
    Region$$Table$$Base                      0x08008534   Number         0  anon$$obj.o(Region$$Table)
    Region$$Table$$Limit                     0x08008554   Number         0  anon$$obj.o(Region$$Table)
    SystemCoreClock                          0x20000000   Data           4  system_stm32f4xx.o(.data)
    AHBPrescTable                            0x20000004   Data          16  system_stm32f4xx.o(.data)
    __stdout                                 0x20000014   Data           4  usart2.o(.data)
    ESP_RX_FLAG                              0x20000018   Data           1  usart2.o(.data)
    UASRT2_RX_BUFFER_LEN                     0x20000019   Data           1  usart2.o(.data)
    OSRunning                                0x20000024   Data           1  delay.o(.data)
    Global_NodeList                          0x20000038   Data           4  lora_network.o(.data)
    FskSettings                              0x20000050   Data          28  sx1276-fsk.o(.data)
    SX1276                                   0x2000006c   Data           4  sx1276-fsk.o(.data)
    LoRaSettings                             0x200000b0   Data          28  sx1276-lora.o(.data)
    SX1276LR                                 0x200000cc   Data           4  sx1276-lora.o(.data)
    TickCounter                              0x200000f0   Data           4  sx12xxeiger.o(.data)
    Radio                                    0x20000104   Data           4  app.o(.data)
    rt_interrupt_from_thread                 0x20000108   Data           4  cpuport.o(.data)
    rt_interrupt_to_thread                   0x2000010c   Data           4  cpuport.o(.data)
    rt_thread_switch_interrupt_flag          0x20000110   Data           4  cpuport.o(.data)
    rt_interrupt_nest                        0x2000011c   Data           1  irq.o(.data)
    rt_object_container                      0x20000140   Data          96  object.o(.data)
    rt_current_thread                        0x200001a4   Data           4  scheduler.o(.data)
    rt_current_priority                      0x200001a8   Data           1  scheduler.o(.data)
    rt_thread_ready_priority_group           0x200001ac   Data           4  scheduler.o(.data)
    rt_thread_defunct                        0x200001b0   Data           8  scheduler.o(.data)
    USART_RX_BUF                             0x200001cc   Data         200  usart2.o(.bss)
    uart1_device                             0x20000294   Data          92  usart1.o(.bss)
    Global_SensorData                        0x200002f0   Data         200  lora_network.o(.bss)
    Global_GatewayStatus                     0x200003b8   Data          26  lora_network.o(.bss)
    RadioDriver                              0x200003d4   Data          24  radio.o(.bss)
    SX1276Regs                               0x200003ec   Data         112  sx1276.o(.bss)
    rt_thread_priority_table                 0x20000874   Data          64  scheduler.o(.bss)
    __libspace_start                         0x20000b2c   Data          96  libspace.o(.bss)
    __temporary_stack_top$libspace           0x20000b8c   Data           0  libspace.o(.bss)
    Image$$RW_IRAM1$$ZI$$Limit               0x20001190   Number         0  anon$$obj.o ABSOLUTE



==============================================================================

Memory Map of the image

  Image Entry point : 0x08000189

  Load Region LR_IROM1 (Base: 0x08000000, Size: 0x0000873c, Max: 0x00100000, ABSOLUTE, COMPRESSED[0x000085fc])

    Execution Region ER_IROM1 (Exec base: 0x08000000, Load base: 0x08000000, Size: 0x00008570, Max: 0x00100000, ABSOLUTE)

    Exec Addr    Load Addr    Size         Type   Attr      Idx    E Section Name        Object

    0x08000000   0x08000000   0x00000188   Data   RO            3    RESET               startup_stm32f40_41xxx.o
    0x08000188   0x08000188   0x00000008   Code   RO         5337  * !!!main             c_w.l(__main.o)
    0x08000190   0x08000190   0x00000034   Code   RO         5736    !!!scatter          c_w.l(__scatter.o)
    0x080001c4   0x080001c4   0x0000005a   Code   RO         5734    !!dczerorl2         c_w.l(__dczerorl2.o)
    0x0800021e   0x0800021e   0x00000002   PAD
    0x08000220   0x08000220   0x0000001c   Code   RO         5738    !!handler_zi        c_w.l(__scatter_zi.o)
    0x0800023c   0x0800023c   0x00000000   Code   RO         5314    .ARM.Collect$$_printf_percent$$00000000  c_w.l(_printf_percent.o)
    0x0800023c   0x0800023c   0x00000006   Code   RO         5312    .ARM.Collect$$_printf_percent$$00000003  c_w.l(_printf_f.o)
    0x08000242   0x08000242   0x00000006   Code   RO         5313    .ARM.Collect$$_printf_percent$$00000004  c_w.l(_printf_e.o)
    0x08000248   0x08000248   0x00000006   Code   RO         5311    .ARM.Collect$$_printf_percent$$00000009  c_w.l(_printf_d.o)
    0x0800024e   0x0800024e   0x00000006   Code   RO         5310    .ARM.Collect$$_printf_percent$$0000000C  c_w.l(_printf_x.o)
    0x08000254   0x08000254   0x00000006   Code   RO         5309    .ARM.Collect$$_printf_percent$$00000014  c_w.l(_printf_s.o)
    0x0800025a   0x0800025a   0x00000004   Code   RO         5458    .ARM.Collect$$_printf_percent$$00000017  c_w.l(_printf_percent_end.o)
    0x0800025e   0x0800025e   0x00000002   Code   RO         5671    .ARM.Collect$$libinit$$00000000  c_w.l(libinit.o)
    0x08000260   0x08000260   0x00000004   Code   RO         5463    .ARM.Collect$$libinit$$00000001  c_w.l(libinit2.o)
    0x08000264   0x08000264   0x00000000   Code   RO         5466    .ARM.Collect$$libinit$$00000004  c_w.l(libinit2.o)
    0x08000264   0x08000264   0x00000000   Code   RO         5469    .ARM.Collect$$libinit$$0000000A  c_w.l(libinit2.o)
    0x08000264   0x08000264   0x00000000   Code   RO         5471    .ARM.Collect$$libinit$$0000000C  c_w.l(libinit2.o)
    0x08000264   0x08000264   0x00000000   Code   RO         5473    .ARM.Collect$$libinit$$0000000E  c_w.l(libinit2.o)
    0x08000264   0x08000264   0x00000006   Code   RO         5474    .ARM.Collect$$libinit$$0000000F  c_w.l(libinit2.o)
    0x0800026a   0x0800026a   0x00000000   Code   RO         5476    .ARM.Collect$$libinit$$00000011  c_w.l(libinit2.o)
    0x0800026a   0x0800026a   0x00000000   Code   RO         5478    .ARM.Collect$$libinit$$00000013  c_w.l(libinit2.o)
    0x0800026a   0x0800026a   0x00000000   Code   RO         5480    .ARM.Collect$$libinit$$00000015  c_w.l(libinit2.o)
    0x0800026a   0x0800026a   0x0000000a   Code   RO         5481    .ARM.Collect$$libinit$$00000016  c_w.l(libinit2.o)
    0x08000274   0x08000274   0x00000000   Code   RO         5482    .ARM.Collect$$libinit$$00000017  c_w.l(libinit2.o)
    0x08000274   0x08000274   0x00000000   Code   RO         5484    .ARM.Collect$$libinit$$00000019  c_w.l(libinit2.o)
    0x08000274   0x08000274   0x00000000   Code   RO         5486    .ARM.Collect$$libinit$$0000001B  c_w.l(libinit2.o)
    0x08000274   0x08000274   0x00000000   Code   RO         5488    .ARM.Collect$$libinit$$0000001D  c_w.l(libinit2.o)
    0x08000274   0x08000274   0x00000000   Code   RO         5490    .ARM.Collect$$libinit$$0000001F  c_w.l(libinit2.o)
    0x08000274   0x08000274   0x00000000   Code   RO         5492    .ARM.Collect$$libinit$$00000021  c_w.l(libinit2.o)
    0x08000274   0x08000274   0x00000000   Code   RO         5494    .ARM.Collect$$libinit$$00000023  c_w.l(libinit2.o)
    0x08000274   0x08000274   0x00000000   Code   RO         5496    .ARM.Collect$$libinit$$00000025  c_w.l(libinit2.o)
    0x08000274   0x08000274   0x00000000   Code   RO         5500    .ARM.Collect$$libinit$$0000002C  c_w.l(libinit2.o)
    0x08000274   0x08000274   0x00000000   Code   RO         5502    .ARM.Collect$$libinit$$0000002E  c_w.l(libinit2.o)
    0x08000274   0x08000274   0x00000000   Code   RO         5504    .ARM.Collect$$libinit$$00000030  c_w.l(libinit2.o)
    0x08000274   0x08000274   0x00000000   Code   RO         5506    .ARM.Collect$$libinit$$00000032  c_w.l(libinit2.o)
    0x08000274   0x08000274   0x00000002   Code   RO         5507    .ARM.Collect$$libinit$$00000033  c_w.l(libinit2.o)
    0x08000276   0x08000276   0x00000002   Code   RO         5731    .ARM.Collect$$libshutdown$$00000000  c_w.l(libshutdown.o)
    0x08000278   0x08000278   0x00000000   Code   RO         5685    .ARM.Collect$$libshutdown$$00000002  c_w.l(libshutdown2.o)
    0x08000278   0x08000278   0x00000000   Code   RO         5687    .ARM.Collect$$libshutdown$$00000004  c_w.l(libshutdown2.o)
    0x08000278   0x08000278   0x00000000   Code   RO         5690    .ARM.Collect$$libshutdown$$00000007  c_w.l(libshutdown2.o)
    0x08000278   0x08000278   0x00000000   Code   RO         5693    .ARM.Collect$$libshutdown$$0000000A  c_w.l(libshutdown2.o)
    0x08000278   0x08000278   0x00000000   Code   RO         5695    .ARM.Collect$$libshutdown$$0000000C  c_w.l(libshutdown2.o)
    0x08000278   0x08000278   0x00000000   Code   RO         5698    .ARM.Collect$$libshutdown$$0000000F  c_w.l(libshutdown2.o)
    0x08000278   0x08000278   0x00000002   Code   RO         5699    .ARM.Collect$$libshutdown$$00000010  c_w.l(libshutdown2.o)
    0x0800027a   0x0800027a   0x00000000   Code   RO         5411    .ARM.Collect$$rtentry$$00000000  c_w.l(__rtentry.o)
    0x0800027a   0x0800027a   0x00000000   Code   RO         5558    .ARM.Collect$$rtentry$$00000002  c_w.l(__rtentry2.o)
    0x0800027a   0x0800027a   0x00000006   Code   RO         5570    .ARM.Collect$$rtentry$$00000004  c_w.l(__rtentry4.o)
    0x08000280   0x08000280   0x00000000   Code   RO         5560    .ARM.Collect$$rtentry$$00000009  c_w.l(__rtentry2.o)
    0x08000280   0x08000280   0x00000004   Code   RO         5561    .ARM.Collect$$rtentry$$0000000A  c_w.l(__rtentry2.o)
    0x08000284   0x08000284   0x00000000   Code   RO         5563    .ARM.Collect$$rtentry$$0000000C  c_w.l(__rtentry2.o)
    0x08000284   0x08000284   0x00000008   Code   RO         5564    .ARM.Collect$$rtentry$$0000000D  c_w.l(__rtentry2.o)
    0x0800028c   0x0800028c   0x00000002   Code   RO         5674    .ARM.Collect$$rtexit$$00000000  c_w.l(rtexit.o)
    0x0800028e   0x0800028e   0x00000000   Code   RO         5705    .ARM.Collect$$rtexit$$00000002  c_w.l(rtexit2.o)
    0x0800028e   0x0800028e   0x00000004   Code   RO         5706    .ARM.Collect$$rtexit$$00000003  c_w.l(rtexit2.o)
    0x08000292   0x08000292   0x00000006   Code   RO         5707    .ARM.Collect$$rtexit$$00000004  c_w.l(rtexit2.o)
    0x08000298   0x08000298   0x00000040   Code   RO            4    .text               startup_stm32f40_41xxx.o
    0x080002d8   0x080002d8   0x0000010c   Code   RO         4107    .text               context_rvds.o
    0x080003e4   0x080003e4   0x00000002   Code   RO         5186    .text               c_w.l(use_no_semi_2.o)
    0x080003e6   0x080003e6   0x00000002   PAD
    0x080003e8   0x080003e8   0x00000018   Code   RO         5256    .text               c_w.l(noretval__2printf.o)
    0x08000400   0x08000400   0x00000028   Code   RO         5258    .text               c_w.l(noretval__2sprintf.o)
    0x08000428   0x08000428   0x0000004e   Code   RO         5262    .text               c_w.l(_printf_pad.o)
    0x08000476   0x08000476   0x00000052   Code   RO         5264    .text               c_w.l(_printf_str.o)
    0x080004c8   0x080004c8   0x00000078   Code   RO         5266    .text               c_w.l(_printf_dec.o)
    0x08000540   0x08000540   0x00000058   Code   RO         5271    .text               c_w.l(_printf_hex_int.o)
    0x08000598   0x08000598   0x00000138   Code   RO         5301    .text               c_w.l(__printf_flags_wp.o)
    0x080006d0   0x080006d0   0x00000014   Code   RO         5317    .text               c_w.l(strchr.o)
    0x080006e4   0x080006e4   0x00000048   Code   RO         5319    .text               c_w.l(strcpy.o)
    0x0800072c   0x0800072c   0x0000003e   Code   RO         5321    .text               c_w.l(strlen.o)
    0x0800076a   0x0800076a   0x0000008a   Code   RO         5327    .text               c_w.l(rt_memcpy_v6.o)
    0x080007f4   0x080007f4   0x00000064   Code   RO         5329    .text               c_w.l(rt_memcpy_w.o)
    0x08000858   0x08000858   0x00000044   Code   RO         5331    .text               c_w.l(rt_memclr.o)
    0x0800089c   0x0800089c   0x0000004e   Code   RO         5333    .text               c_w.l(rt_memclr_w.o)
    0x080008ea   0x080008ea   0x00000006   Code   RO         5335    .text               c_w.l(heapauxi.o)
    0x080008f0   0x080008f0   0x00000002   Code   RO         5407    .text               c_w.l(use_no_semi.o)
    0x080008f2   0x080008f2   0x000000b2   Code   RO         5446    .text               c_w.l(_printf_intcommon.o)
    0x080009a4   0x080009a4   0x0000041e   Code   RO         5448    .text               c_w.l(_printf_fp_dec.o)
    0x08000dc2   0x08000dc2   0x00000002   PAD
    0x08000dc4   0x08000dc4   0x00000030   Code   RO         5450    .text               c_w.l(_printf_char_common.o)
    0x08000df4   0x08000df4   0x0000000a   Code   RO         5452    .text               c_w.l(_sputc.o)
    0x08000dfe   0x08000dfe   0x0000002c   Code   RO         5454    .text               c_w.l(_printf_char.o)
    0x08000e2a   0x08000e2a   0x00000002   PAD
    0x08000e2c   0x08000e2c   0x00000024   Code   RO         5456    .text               c_w.l(_printf_char_file.o)
    0x08000e50   0x08000e50   0x00000008   Code   RO         5554    .text               c_w.l(libspace.o)
    0x08000e58   0x08000e58   0x00000008   Code   RO         5575    .text               c_w.l(rt_locale_intlibspace.o)
    0x08000e60   0x08000e60   0x0000008a   Code   RO         5585    .text               c_w.l(lludiv10.o)
    0x08000eea   0x08000eea   0x00000002   PAD
    0x08000eec   0x08000eec   0x00000080   Code   RO         5587    .text               c_w.l(_printf_fp_infnan.o)
    0x08000f6c   0x08000f6c   0x000000e4   Code   RO         5593    .text               c_w.l(bigflt0.o)
    0x08001050   0x08001050   0x00000008   Code   RO         5618    .text               c_w.l(ferror.o)
    0x08001058   0x08001058   0x0000004a   Code   RO         5646    .text               c_w.l(sys_stackheap_outer.o)
    0x080010a2   0x080010a2   0x00000012   Code   RO         5654    .text               c_w.l(exit.o)
    0x080010b4   0x080010b4   0x00000080   Code   RO         5660    .text               c_w.l(strcmpv7m.o)
    0x08001134   0x08001134   0x0000003e   Code   RO         5596    CL$$btod_d2e        c_w.l(btod.o)
    0x08001172   0x08001172   0x00000046   Code   RO         5598    CL$$btod_d2e_denorm_low  c_w.l(btod.o)
    0x080011b8   0x080011b8   0x00000060   Code   RO         5597    CL$$btod_d2e_norm_op1  c_w.l(btod.o)
    0x08001218   0x08001218   0x00000338   Code   RO         5606    CL$$btod_div_common  c_w.l(btod.o)
    0x08001550   0x08001550   0x000000dc   Code   RO         5603    CL$$btod_e2e        c_w.l(btod.o)
    0x0800162c   0x0800162c   0x0000002a   Code   RO         5600    CL$$btod_ediv       c_w.l(btod.o)
    0x08001656   0x08001656   0x0000002a   Code   RO         5599    CL$$btod_emul       c_w.l(btod.o)
    0x08001680   0x08001680   0x00000244   Code   RO         5605    CL$$btod_mult_common  c_w.l(btod.o)
    0x080018c4   0x080018c4   0x0000000e   Code   RO         4182    i.$Sub$$main        components.o
    0x080018d2   0x080018d2   0x00000004   Code   RO          208    i.BusFault_Handler  stm32f4xx_it.o
    0x080018d6   0x080018d6   0x00000002   PAD
    0x080018d8   0x080018d8   0x00000094   Code   RO          407    i.Check_NETSTATUS   esp8266.o
    0x0800196c   0x0800196c   0x00000002   Code   RO          209    i.DebugMon_Handler  stm32f4xx_it.o
    0x0800196e   0x0800196e   0x00000002   PAD
    0x08001970   0x08001970   0x00000048   Code   RO          409    i.ESP_ENDSEND       esp8266.o
    0x080019b8   0x080019b8   0x00000048   Code   RO          410    i.ESP_SendCMD       esp8266.o
    0x08001a00   0x08001a00   0x00000068   Code   RO          411    i.ESP_TCP_CONNECT   esp8266.o
    0x08001a68   0x08001a68   0x00000090   Code   RO          702    i.GPIO_Init         stm32f4xx_gpio.o
    0x08001af8   0x08001af8   0x00000046   Code   RO          703    i.GPIO_PinAFConfig  stm32f4xx_gpio.o
    0x08001b3e   0x08001b3e   0x00000012   Code   RO          706    i.GPIO_ReadInputDataBit  stm32f4xx_gpio.o
    0x08001b50   0x08001b50   0x00000004   Code   RO          710    i.GPIO_SetBits      stm32f4xx_gpio.o
    0x08001b54   0x08001b54   0x0000000a   Code   RO          714    i.GPIO_WriteBit     stm32f4xx_gpio.o
    0x08001b5e   0x08001b5e   0x00000002   PAD
    0x08001b60   0x08001b60   0x0000003c   Code   RO          306    i.LED_Init          led.o
    0x08001b9c   0x08001b9c   0x0000002a   Code   RO         1760    i.LoraNode_Find     lora_network.o
    0x08001bc6   0x08001bc6   0x00000002   PAD
    0x08001bc8   0x08001bc8   0x00000064   Code   RO         3432    i.Lora_thread_entry  app.o
    0x08001c2c   0x08001c2c   0x00000018   Code   RO         3433    i.Loraupload_broadcast_entry  app.o
    0x08001c44   0x08001c44   0x00000084   Code   RO         3434    i.Main_APP          app.o
    0x08001cc8   0x08001cc8   0x00000004   Code   RO          210    i.MemManage_Handler  stm32f4xx_it.o
    0x08001ccc   0x08001ccc   0x00000002   Code   RO          211    i.NMI_Handler       stm32f4xx_it.o
    0x08001cce   0x08001cce   0x00000002   PAD
    0x08001cd0   0x08001cd0   0x00000078   Code   RO          653    i.NVIC_Init         misc.o
    0x08001d48   0x08001d48   0x00000020   Code   RO          803    i.RCC_AHB1PeriphClockCmd  stm32f4xx_rcc.o
    0x08001d68   0x08001d68   0x00000020   Code   RO          812    i.RCC_APB1PeriphClockCmd  stm32f4xx_rcc.o
    0x08001d88   0x08001d88   0x00000020   Code   RO          815    i.RCC_APB2PeriphClockCmd  stm32f4xx_rcc.o
    0x08001da8   0x08001da8   0x000000e8   Code   RO          824    i.RCC_GetClocksFreq  stm32f4xx_rcc.o
    0x08001e90   0x08001e90   0x0000003c   Code   RO         2278    i.RadioDriverInit   radio.o
    0x08001ecc   0x08001ecc   0x00000018   Code   RO         1531    i.SPI_Cmd           stm32f4xx_spi.o
    0x08001ee4   0x08001ee4   0x00000012   Code   RO         1539    i.SPI_I2S_GetFlagStatus  stm32f4xx_spi.o
    0x08001ef6   0x08001ef6   0x00000006   Code   RO         1542    i.SPI_I2S_ReceiveData  stm32f4xx_spi.o
    0x08001efc   0x08001efc   0x00000004   Code   RO         1543    i.SPI_I2S_SendData  stm32f4xx_spi.o
    0x08001f00   0x08001f00   0x0000003c   Code   RO         1544    i.SPI_Init          stm32f4xx_spi.o
    0x08001f3c   0x08001f3c   0x00000002   Code   RO          212    i.SVC_Handler       stm32f4xx_it.o
    0x08001f3e   0x08001f3e   0x00000002   PAD
    0x08001f40   0x08001f40   0x00000060   Code   RO         2469    i.SX1276FskGetPacketPayloadSize  sx1276-fsk.o
    0x08001fa0   0x08001fa0   0x00000028   Code   RO         2473    i.SX1276FskGetRxPacket  sx1276-fsk.o
    0x08001fc8   0x08001fc8   0x00000600   Code   RO         2475    i.SX1276FskProcess  sx1276-fsk.o
    0x080025c8   0x080025c8   0x00000060   Code   RO         2476    i.SX1276FskReadAfc  sx1276-fsk.o
    0x08002628   0x08002628   0x0000004c   Code   RO         2478    i.SX1276FskReadRssi  sx1276-fsk.o
    0x08002674   0x08002674   0x0000001c   Code   RO         2479    i.SX1276FskReadRxGain  sx1276-fsk.o
    0x08002690   0x08002690   0x00000060   Code   RO         2481    i.SX1276FskSetOpMode  sx1276-fsk.o
    0x080026f0   0x080026f0   0x0000000c   Code   RO         2482    i.SX1276FskSetRFState  sx1276-fsk.o
    0x080026fc   0x080026fc   0x00000028   Code   RO         2483    i.SX1276FskSetTxPacket  sx1276-fsk.o
    0x08002724   0x08002724   0x00000024   Code   RO         2326    i.SX1276GetRxPacket  sx1276.o
    0x08002748   0x08002748   0x00000038   Code   RO         2327    i.SX1276Init        sx1276.o
    0x08002780   0x08002780   0x000000a0   Code   RO         3327    i.SX1276InitIo      sx1276-hal.o
    0x08002820   0x08002820   0x00000028   Code   RO         2810    i.SX1276LoRaGetRxPacket  sx1276-lora.o
    0x08002848   0x08002848   0x000000cc   Code   RO         2811    i.SX1276LoRaInit    sx1276-lora.o
    0x08002914   0x08002914   0x00000700   Code   RO         2812    i.SX1276LoRaProcess  sx1276-lora.o
    0x08003014   0x08003014   0x0000001c   Code   RO         2814    i.SX1276LoRaReadRxGain  sx1276-lora.o
    0x08003030   0x08003030   0x00000014   Code   RO         2816    i.SX1276LoRaSetDefaults  sx1276-lora.o
    0x08003044   0x08003044   0x00000040   Code   RO         2950    i.SX1276LoRaSetErrorCoding  sx1276-loramisc.o
    0x08003084   0x08003084   0x0000003c   Code   RO         2953    i.SX1276LoRaSetImplicitHeaderOn  sx1276-loramisc.o
    0x080030c0   0x080030c0   0x0000003c   Code   RO         2954    i.SX1276LoRaSetLowDatarateOptimize  sx1276-loramisc.o
    0x080030fc   0x080030fc   0x0000003c   Code   RO         2955    i.SX1276LoRaSetNbTrigPeaks  sx1276-loramisc.o
    0x08003138   0x08003138   0x00000060   Code   RO         2817    i.SX1276LoRaSetOpMode  sx1276-lora.o
    0x08003198   0x08003198   0x00000034   Code   RO         2956    i.SX1276LoRaSetPAOutput  sx1276-loramisc.o
    0x080031cc   0x080031cc   0x00000058   Code   RO         2957    i.SX1276LoRaSetPa20dBm  sx1276-loramisc.o
    0x08003224   0x08003224   0x00000040   Code   RO         2959    i.SX1276LoRaSetPacketCrcOn  sx1276-loramisc.o
    0x08003264   0x08003264   0x00000028   Code   RO         2960    i.SX1276LoRaSetPayloadLength  sx1276-loramisc.o
    0x0800328c   0x0800328c   0x00000068   Code   RO         2962    i.SX1276LoRaSetRFFrequency  sx1276-loramisc.o
    0x080032f4   0x080032f4   0x00000104   Code   RO         2963    i.SX1276LoRaSetRFPower  sx1276-loramisc.o
    0x080033f8   0x080033f8   0x0000000c   Code   RO         2818    i.SX1276LoRaSetRFState  sx1276-lora.o
    0x08003404   0x08003404   0x0000003c   Code   RO         2966    i.SX1276LoRaSetSignalBandwidth  sx1276-loramisc.o
    0x08003440   0x08003440   0x0000005c   Code   RO         2967    i.SX1276LoRaSetSpreadingFactor  sx1276-loramisc.o
    0x0800349c   0x0800349c   0x00000048   Code   RO         2968    i.SX1276LoRaSetSymbTimeout  sx1276-loramisc.o
    0x080034e4   0x080034e4   0x0000003c   Code   RO         2819    i.SX1276LoRaSetTxPacket  sx1276-lora.o
    0x08003520   0x08003520   0x00000018   Code   RO         2328    i.SX1276Process     sx1276.o
    0x08003538   0x08003538   0x00000012   Code   RO         3328    i.SX1276Read        sx1276-hal.o
    0x0800354a   0x0800354a   0x00000002   PAD
    0x0800354c   0x0800354c   0x00000044   Code   RO         3329    i.SX1276ReadBuffer  sx1276-hal.o
    0x08003590   0x08003590   0x00000010   Code   RO         3330    i.SX1276ReadDio0    sx1276-hal.o
    0x080035a0   0x080035a0   0x00000010   Code   RO         3331    i.SX1276ReadDio1    sx1276-hal.o
    0x080035b0   0x080035b0   0x00000010   Code   RO         3332    i.SX1276ReadDio2    sx1276-hal.o
    0x080035c0   0x080035c0   0x00000010   Code   RO         3333    i.SX1276ReadDio3    sx1276-hal.o
    0x080035d0   0x080035d0   0x00000010   Code   RO         3334    i.SX1276ReadDio4    sx1276-hal.o
    0x080035e0   0x080035e0   0x00000012   Code   RO         3336    i.SX1276ReadFifo    sx1276-hal.o
    0x080035f2   0x080035f2   0x0000001c   Code   RO         2331    i.SX1276Reset       sx1276.o
    0x0800360e   0x0800360e   0x00000002   PAD
    0x08003610   0x08003610   0x000000bc   Code   RO         2332    i.SX1276SetLoRaOn   sx1276.o
    0x080036cc   0x080036cc   0x00000024   Code   RO         3337    i.SX1276SetReset    sx1276-hal.o
    0x080036f0   0x080036f0   0x00000024   Code   RO         2335    i.SX1276SetTxPacket  sx1276.o
    0x08003714   0x08003714   0x0000001c   Code   RO         2336    i.SX1276StartRx     sx1276.o
    0x08003730   0x08003730   0x00000010   Code   RO         3338    i.SX1276Write       sx1276-hal.o
    0x08003740   0x08003740   0x00000040   Code   RO         3339    i.SX1276WriteBuffer  sx1276-hal.o
    0x08003780   0x08003780   0x00000012   Code   RO         3340    i.SX1276WriteFifo   sx1276-hal.o
    0x08003792   0x08003792   0x00000002   PAD
    0x08003794   0x08003794   0x000000ec   Code   RO          265    i.SetSysClock       system_stm32f4xx.o
    0x08003880   0x08003880   0x00000038   Code   RO         3251    i.SpiInOut          spi.o
    0x080038b8   0x080038b8   0x000000a8   Code   RO         3252    i.SpiInit           spi.o
    0x08003960   0x08003960   0x00000028   Code   RO          657    i.SysTick_CLKSourceConfig  misc.o
    0x08003988   0x08003988   0x00000010   Code   RO         5156    i.SysTick_Handler   board.o
    0x08003998   0x08003998   0x00000068   Code   RO          267    i.SystemInit        system_stm32f4xx.o
    0x08003a00   0x08003a00   0x00000238   Code   RO         1694    i.TCP_Upload_PT     onenet_hal.o
    0x08003c38   0x08003c38   0x00000234   Code   RO         1695    i.TCP_Upload_TR     onenet_hal.o
    0x08003e6c   0x08003e6c   0x00000010   Code   RO          559    i.USART1_IRQHandler  usart1.o
    0x08003e7c   0x08003e7c   0x00000014   Code   RO          330    i.USART2_Clear      usart2.o
    0x08003e90   0x08003e90   0x00000044   Code   RO          333    i.USART2_IRQHandler  usart2.o
    0x08003ed4   0x08003ed4   0x00000012   Code   RO         1141    i.USART_ClearFlag   stm32f4xx_usart.o
    0x08003ee6   0x08003ee6   0x00000018   Code   RO         1145    i.USART_Cmd         stm32f4xx_usart.o
    0x08003efe   0x08003efe   0x0000001a   Code   RO         1148    i.USART_GetFlagStatus  stm32f4xx_usart.o
    0x08003f18   0x08003f18   0x00000054   Code   RO         1149    i.USART_GetITStatus  stm32f4xx_usart.o
    0x08003f6c   0x08003f6c   0x0000004a   Code   RO         1151    i.USART_ITConfig    stm32f4xx_usart.o
    0x08003fb6   0x08003fb6   0x00000002   PAD
    0x08003fb8   0x08003fb8   0x000000d4   Code   RO         1152    i.USART_Init        stm32f4xx_usart.o
    0x0800408c   0x0800408c   0x0000000a   Code   RO         1159    i.USART_ReceiveData  stm32f4xx_usart.o
    0x08004096   0x08004096   0x00000008   Code   RO         1162    i.USART_SendData    stm32f4xx_usart.o
    0x0800409e   0x0800409e   0x00000002   PAD
    0x080040a0   0x080040a0   0x0000018c   Code   RO         3435    i.Updata_thread_entry  app.o
    0x0800422c   0x0800422c   0x00000004   Code   RO          213    i.UsageFault_Handler  stm32f4xx_it.o
    0x08004230   0x08004230   0x00000030   Code   RO         5535    i.__ARM_fpclassify  m_wm.l(fpclassify.o)
    0x08004260   0x08004260   0x00000014   Code   RO         5377    i.__hardfp_fabs     m_wm.l(fabs.o)
    0x08004274   0x08004274   0x00000004   PAD
    0x08004278   0x08004278   0x00000118   Code   RO         5383    i.__hardfp_floor    m_wm.l(floor.o)
    0x08004390   0x08004390   0x000000e0   Code   RO         5403    i.__hardfp_round    m_wm.l(round.o)
    0x08004470   0x08004470   0x0000004c   Code   RO         4534    i.__rt_ffs          kservice.o
    0x080044bc   0x080044bc   0x00000014   Code   RO         4330    i._has_defunct_thread  idle.o
    0x080044d0   0x080044d0   0x0000000e   Code   RO         5299    i._is_digit         c_w.l(__printf_wp.o)
    0x080044de   0x080044de   0x00000002   PAD
    0x080044e0   0x080044e0   0x00000170   Code   RO         3783    i._list_thread      cmd.o
    0x08004650   0x08004650   0x00000084   Code   RO         4919    i._rt_thread_init   thread.o
    0x080046d4   0x080046d4   0x00000042   Code   RO         5034    i._rt_timer_init    timer.o
    0x08004716   0x08004716   0x0000002e   Code   RO         5035    i._rt_timer_remove  timer.o
    0x08004744   0x08004744   0x00000004   Code   RO          335    i._sys_exit         usart2.o
    0x08004748   0x08004748   0x0000002a   Code   RO         1874    i.cJSON_AddItemToArray  cjson.o
    0x08004772   0x08004772   0x00000002   PAD
    0x08004774   0x08004774   0x00000030   Code   RO         1875    i.cJSON_AddItemToObject  cjson.o
    0x080047a4   0x080047a4   0x00000012   Code   RO         1877    i.cJSON_CreateArray  cjson.o
    0x080047b6   0x080047b6   0x00000030   Code   RO         1884    i.cJSON_CreateNumber  cjson.o
    0x080047e6   0x080047e6   0x00000012   Code   RO         1885    i.cJSON_CreateObject  cjson.o
    0x080047f8   0x080047f8   0x0000001c   Code   RO         1886    i.cJSON_CreateString  cjson.o
    0x08004814   0x08004814   0x00000058   Code   RO         1889    i.cJSON_Delete      cjson.o
    0x0800486c   0x0800486c   0x00000020   Code   RO         1902    i.cJSON_New_Item    cjson.o
    0x0800488c   0x0800488c   0x00000012   Code   RO         1907    i.cJSON_PrintUnformatted  cjson.o
    0x0800489e   0x0800489e   0x00000002   PAD
    0x080048a0   0x080048a0   0x0000002c   Code   RO         1911    i.cJSON_strdup      cjson.o
    0x080048cc   0x080048cc   0x00000054   Code   RO          479    i.delay_init        delay.o
    0x08004920   0x08004920   0x00000050   Code   RO          480    i.delay_ms          delay.o
    0x08004970   0x08004970   0x00000008   Code   RO          481    i.delay_osschedlock  delay.o
    0x08004978   0x08004978   0x00000008   Code   RO          482    i.delay_osschedunlock  delay.o
    0x08004980   0x08004980   0x0000000c   Code   RO          483    i.delay_ostimedly   delay.o
    0x0800498c   0x0800498c   0x00000058   Code   RO          484    i.delay_us          delay.o
    0x080049e4   0x080049e4   0x00000070   Code   RO         1913    i.ensure            cjson.o
    0x08004a54   0x08004a54   0x0000001c   Code   RO          336    i.fputc             usart2.o
    0x08004a70   0x08004a70   0x00000010   Code   RO         3791    i.list_thread       cmd.o
    0x08004a80   0x08004a80   0x00000022   Code   RO           13    i.main              main.o
    0x08004aa2   0x08004aa2   0x0000000e   Code   RO         4183    i.main_thread_entry  components.o
    0x08004ab0   0x08004ab0   0x0000003e   Code   RO         3793    i.object_name_maxlen  cmd.o
    0x08004aee   0x08004aee   0x00000002   PAD
    0x08004af0   0x08004af0   0x0000001c   Code   RO         3794    i.object_split      cmd.o
    0x08004b0c   0x08004b0c   0x00000078   Code   RO         4724    i.plug_holes        mem.o
    0x08004b84   0x08004b84   0x0000001c   Code   RO         1920    i.pow2gt            cjson.o
    0x08004ba0   0x08004ba0   0x00000250   Code   RO         1921    i.print_array       cjson.o
    0x08004df0   0x08004df0   0x00000234   Code   RO         1922    i.print_number      cjson.o
    0x08005024   0x08005024   0x0000018c   Code   RO         4536    i.print_number      kservice.o
    0x080051b0   0x080051b0   0x00000418   Code   RO         1923    i.print_object      cjson.o
    0x080055c8   0x080055c8   0x00000010   Code   RO         1924    i.print_string      cjson.o
    0x080055d8   0x080055d8   0x000001d4   Code   RO         1925    i.print_string_ptr  cjson.o
    0x080057ac   0x080057ac   0x00000130   Code   RO         1926    i.print_value       cjson.o
    0x080058dc   0x080058dc   0x0000002c   Code   RO         4184    i.rt_application_init  components.o
    0x08005908   0x08005908   0x0000004c   Code   RO         4185    i.rt_components_board_init  components.o
    0x08005954   0x08005954   0x00000070   Code   RO         4186    i.rt_components_init  components.o
    0x080059c4   0x080059c4   0x00000034   Code   RO         4538    i.rt_console_set_device  kservice.o
    0x080059f8   0x080059f8   0x00000036   Code   RO         4251    i.rt_device_close   device.o
    0x08005a2e   0x08005a2e   0x00000002   PAD
    0x08005a30   0x08005a30   0x00000050   Code   RO         4253    i.rt_device_find    device.o
    0x08005a80   0x08005a80   0x000000a8   Code   RO         4256    i.rt_device_open    device.o
    0x08005b28   0x08005b28   0x0000003e   Code   RO         4262    i.rt_device_write   device.o
    0x08005b66   0x08005b66   0x00000002   PAD
    0x08005b68   0x08005b68   0x00000020   Code   RO         4853    i.rt_enter_critical  scheduler.o
    0x08005b88   0x08005b88   0x0000003c   Code   RO         4854    i.rt_exit_critical  scheduler.o
    0x08005bc4   0x08005bc4   0x00000078   Code   RO         4726    i.rt_free           mem.o
    0x08005c3c   0x08005c3c   0x00000090   Code   RO         5157    i.rt_hw_board_init  board.o
    0x08005ccc   0x08005ccc   0x00000050   Code   RO          560    i.rt_hw_console_output  usart1.o
    0x08005d1c   0x08005d1c   0x00000110   Code   RO         4113    i.rt_hw_hard_fault_exception  cpuport.o
    0x08005e2c   0x08005e2c   0x00000050   Code   RO         4114    i.rt_hw_stack_init  cpuport.o
    0x08005e7c   0x08005e7c   0x00000020   Code   RO         4507    i.rt_interrupt_enter  irq.o
    0x08005e9c   0x08005e9c   0x0000000c   Code   RO         4508    i.rt_interrupt_get_nest  irq.o
    0x08005ea8   0x08005ea8   0x00000020   Code   RO         4509    i.rt_interrupt_leave  irq.o
    0x08005ec8   0x08005ec8   0x00000014   Code   RO         4370    i.rt_ipc_list_resume  ipc.o
    0x08005edc   0x08005edc   0x0000006c   Code   RO         4372    i.rt_ipc_list_suspend  ipc.o
    0x08005f48   0x08005f48   0x00000010   Code   RO         4373    i.rt_ipc_object_init  ipc.o
    0x08005f58   0x08005f58   0x00000068   Code   RO         4542    i.rt_kprintf        kservice.o
    0x08005fc0   0x08005fc0   0x00000006   Code   RO         4374    i.rt_list_init      ipc.o
    0x08005fc6   0x08005fc6   0x00000006   Code   RO         4855    i.rt_list_init      scheduler.o
    0x08005fcc   0x08005fcc   0x00000006   Code   RO         5036    i.rt_list_init      timer.o
    0x08005fd2   0x08005fd2   0x0000000e   Code   RO         4782    i.rt_list_insert_after  object.o
    0x08005fe0   0x08005fe0   0x0000000e   Code   RO         4920    i.rt_list_insert_after  thread.o
    0x08005fee   0x08005fee   0x0000000e   Code   RO         5037    i.rt_list_insert_after  timer.o
    0x08005ffc   0x08005ffc   0x0000000e   Code   RO         4375    i.rt_list_insert_before  ipc.o
    0x0800600a   0x0800600a   0x00000010   Code   RO         4376    i.rt_list_isempty   ipc.o
    0x0800601a   0x0800601a   0x00000010   Code   RO         5038    i.rt_list_isempty   timer.o
    0x0800602a   0x0800602a   0x00000012   Code   RO         4783    i.rt_list_remove    object.o
    0x0800603c   0x0800603c   0x00000012   Code   RO         4921    i.rt_list_remove    thread.o
    0x0800604e   0x0800604e   0x00000002   PAD
    0x08006050   0x08006050   0x0000016c   Code   RO         4727    i.rt_malloc         mem.o
    0x080061bc   0x080061bc   0x00000026   Code   RO         4545    i.rt_memcmp         kservice.o
    0x080061e2   0x080061e2   0x00000048   Code   RO         4548    i.rt_memset         kservice.o
    0x0800622a   0x0800622a   0x00000002   PAD
    0x0800622c   0x0800622c   0x0000004c   Code   RO         4784    i.rt_object_allocate  object.o
    0x08006278   0x08006278   0x00000020   Code   RO         4785    i.rt_object_delete  object.o
    0x08006298   0x08006298   0x0000001a   Code   RO         4786    i.rt_object_detach  object.o
    0x080062b2   0x080062b2   0x00000002   PAD
    0x080062b4   0x080062b4   0x00000040   Code   RO         4789    i.rt_object_init    object.o
    0x080062f4   0x080062f4   0x00000012   Code   RO         4790    i.rt_object_is_systemobject  object.o
    0x08006306   0x08006306   0x0000006e   Code   RO          562    i.rt_ringbuffer_data_len  usart1.o
    0x08006374   0x08006374   0x0000007e   Code   RO         3665    i.rt_ringbuffer_putchar_force  ringbuffer.o
    0x080063f2   0x080063f2   0x0000002a   Code   RO         3666    i.rt_ringbuffer_status  ringbuffer.o
    0x0800641c   0x0800641c   0x0000007c   Code   RO         4856    i.rt_schedule       scheduler.o
    0x08006498   0x08006498   0x00000048   Code   RO         4857    i.rt_schedule_insert_thread  scheduler.o
    0x080064e0   0x080064e0   0x00000054   Code   RO         4858    i.rt_schedule_remove_thread  scheduler.o
    0x08006534   0x08006534   0x00000026   Code   RO         4389    i.rt_sem_init       ipc.o
    0x0800655a   0x0800655a   0x0000003a   Code   RO         4390    i.rt_sem_release    ipc.o
    0x08006594   0x08006594   0x00000074   Code   RO         4391    i.rt_sem_take       ipc.o
    0x08006608   0x08006608   0x00000028   Code   RO         4549    i.rt_set_errno      kservice.o
    0x08006630   0x08006630   0x000000b0   Code   RO         4550    i.rt_show_version   kservice.o
    0x080066e0   0x080066e0   0x0000007c   Code   RO         5039    i.rt_soft_timer_check  timer.o
    0x0800675c   0x0800675c   0x00000012   Code   RO         4556    i.rt_strlen         kservice.o
    0x0800676e   0x0800676e   0x00000028   Code   RO         4557    i.rt_strncmp        kservice.o
    0x08006796   0x08006796   0x00000034   Code   RO         4558    i.rt_strncpy        kservice.o
    0x080067ca   0x080067ca   0x0000003a   Code   RO         4560    i.rt_strstr         kservice.o
    0x08006804   0x08006804   0x000000f8   Code   RO         4730    i.rt_system_heap_init  mem.o
    0x080068fc   0x080068fc   0x0000004c   Code   RO         4859    i.rt_system_scheduler_init  scheduler.o
    0x08006948   0x08006948   0x00000030   Code   RO         4860    i.rt_system_scheduler_start  scheduler.o
    0x08006978   0x08006978   0x0000001c   Code   RO         5040    i.rt_system_timer_init  timer.o
    0x08006994   0x08006994   0x00000054   Code   RO         5041    i.rt_system_timer_thread_init  timer.o
    0x080069e8   0x080069e8   0x00000050   Code   RO         4923    i.rt_thread_create  thread.o
    0x08006a38   0x08006a38   0x0000000c   Code   RO         4924    i.rt_thread_delay   thread.o
    0x08006a44   0x08006a44   0x00000054   Code   RO         4927    i.rt_thread_exit    thread.o
    0x08006a98   0x08006a98   0x00000008   Code   RO         4331    i.rt_thread_idle_entry  idle.o
    0x08006aa0   0x08006aa0   0x00000078   Code   RO         4332    i.rt_thread_idle_excute  idle.o
    0x08006b18   0x08006b18   0x0000003c   Code   RO         4334    i.rt_thread_idle_init  idle.o
    0x08006b54   0x08006b54   0x00000034   Code   RO         4929    i.rt_thread_init    thread.o
    0x08006b88   0x08006b88   0x00000038   Code   RO         4930    i.rt_thread_resume  thread.o
    0x08006bc0   0x08006bc0   0x0000000c   Code   RO         4931    i.rt_thread_self    thread.o
    0x08006bcc   0x08006bcc   0x00000044   Code   RO         4932    i.rt_thread_sleep   thread.o
    0x08006c10   0x08006c10   0x0000002c   Code   RO         4933    i.rt_thread_startup  thread.o
    0x08006c3c   0x08006c3c   0x00000036   Code   RO         4934    i.rt_thread_suspend  thread.o
    0x08006c72   0x08006c72   0x00000020   Code   RO         4935    i.rt_thread_timeout  thread.o
    0x08006c92   0x08006c92   0x00000002   PAD
    0x08006c94   0x08006c94   0x00000044   Code   RO         5042    i.rt_thread_timer_entry  timer.o
    0x08006cd8   0x08006cd8   0x00000060   Code   RO         4936    i.rt_thread_yield   thread.o
    0x08006d38   0x08006d38   0x0000000c   Code   RO         4146    i.rt_tick_get       clock.o
    0x08006d44   0x08006d44   0x00000030   Code   RO         4147    i.rt_tick_increase  clock.o
    0x08006d74   0x08006d74   0x0000007c   Code   RO         5043    i.rt_timer_check    timer.o
    0x08006df0   0x08006df0   0x00000038   Code   RO         5044    i.rt_timer_control  timer.o
    0x08006e28   0x08006e28   0x00000036   Code   RO         5045    i.rt_timer_create   timer.o
    0x08006e5e   0x08006e5e   0x00000020   Code   RO         5047    i.rt_timer_detach   timer.o
    0x08006e7e   0x08006e7e   0x0000002e   Code   RO         5048    i.rt_timer_init     timer.o
    0x08006eac   0x08006eac   0x0000001c   Code   RO         5049    i.rt_timer_list_next_timeout  timer.o
    0x08006ec8   0x08006ec8   0x00000128   Code   RO         5051    i.rt_timer_start    timer.o
    0x08006ff0   0x08006ff0   0x00000030   Code   RO         5052    i.rt_timer_stop     timer.o
    0x08007020   0x08007020   0x00000328   Code   RO         4561    i.rt_vsnprintf      kservice.o
    0x08007348   0x08007348   0x00000004   Code   RO         4187    i.rti_board_end     components.o
    0x0800734c   0x0800734c   0x00000004   Code   RO         4188    i.rti_board_start   components.o
    0x08007350   0x08007350   0x00000004   Code   RO         4189    i.rti_end           components.o
    0x08007354   0x08007354   0x0000002a   Code   RO         4191    i.rtthread_startup  components.o
    0x0800737e   0x0800737e   0x00000026   Code   RO         4563    i.skip_atoi         kservice.o
    0x080073a4   0x080073a4   0x00000006   Code   RO         1928    i.suffix_object     cjson.o
    0x080073aa   0x080073aa   0x00000002   PAD
    0x080073ac   0x080073ac   0x000000b4   Code   RO          337    i.uart2_init        usart2.o
    0x08007460   0x08007460   0x000000b4   Code   RO          568    i.uart_init         usart1.o
    0x08007514   0x08007514   0x00000048   Code   RO          569    i.uart_irq_handler  usart1.o
    0x0800755c   0x0800755c   0x00000020   Code   RO         1929    i.update            cjson.o
    0x0800757c   0x0800757c   0x0000002c   Code   RO         5626    locale$$code        c_w.l(lc_numeric_c.o)
    0x080075a8   0x080075a8   0x00000018   Code   RO         5339    x$fpl$basic         fz_wm.l(basic.o)
    0x080075c0   0x080075c0   0x00000150   Code   RO         5341    x$fpl$dadd          fz_wm.l(daddsub_clz.o)
    0x08007710   0x08007710   0x00000018   Code   RO         5508    x$fpl$dcmpinf       fz_wm.l(dcmpi.o)
    0x08007728   0x08007728   0x000002b0   Code   RO         5348    x$fpl$ddiv          fz_wm.l(ddiv.o)
    0x080079d8   0x080079d8   0x00000078   Code   RO         5351    x$fpl$deqf          fz_wm.l(deqf.o)
    0x08007a50   0x08007a50   0x0000005e   Code   RO         5353    x$fpl$dfix          fz_wm.l(dfix.o)
    0x08007aae   0x08007aae   0x00000002   PAD
    0x08007ab0   0x08007ab0   0x0000005a   Code   RO         5357    x$fpl$dfixu         fz_wm.l(dfixu.o)
    0x08007b0a   0x08007b0a   0x0000002e   Code   RO         5362    x$fpl$dflt          fz_wm.l(dflt_clz.o)
    0x08007b38   0x08007b38   0x00000026   Code   RO         5361    x$fpl$dfltu         fz_wm.l(dflt_clz.o)
    0x08007b5e   0x08007b5e   0x00000002   PAD
    0x08007b60   0x08007b60   0x00000078   Code   RO         5367    x$fpl$dleqf         fz_wm.l(dleqf.o)
    0x08007bd8   0x08007bd8   0x00000154   Code   RO         5369    x$fpl$dmul          fz_wm.l(dmul.o)
    0x08007d2c   0x08007d2c   0x0000009c   Code   RO         5510    x$fpl$dnaninf       fz_wm.l(dnaninf.o)
    0x08007dc8   0x08007dc8   0x0000000c   Code   RO         5512    x$fpl$dretinf       fz_wm.l(dretinf.o)
    0x08007dd4   0x08007dd4   0x0000006c   Code   RO         5371    x$fpl$drleqf        fz_wm.l(drleqf.o)
    0x08007e40   0x08007e40   0x000000b4   Code   RO         5514    x$fpl$drnd          fz_wm.l(drnd.o)
    0x08007ef4   0x08007ef4   0x00000016   Code   RO         5342    x$fpl$drsb          fz_wm.l(daddsub_clz.o)
    0x08007f0a   0x08007f0a   0x00000002   PAD
    0x08007f0c   0x08007f0c   0x000001d4   Code   RO         5343    x$fpl$dsub          fz_wm.l(daddsub_clz.o)
    0x080080e0   0x080080e0   0x0000000a   Code   RO         5641    x$fpl$fpinit        fz_wm.l(fpinit.o)
    0x080080ea   0x080080ea   0x00000004   Code   RO         5375    x$fpl$printf1       fz_wm.l(printf1.o)
    0x080080ee   0x080080ee   0x00000000   Code   RO         5520    x$fpl$usenofp       fz_wm.l(usenofp.o)
    0x080080ee   0x080080ee   0x00000002   PAD
    0x080080f0   0x080080f0   0x000001bc   Data   RO         2822    .constdata          sx1276-lora.o
    0x080082ac   0x080082ac   0x0000000c   Data   RO         3437    .constdata          app.o
    0x080082b8   0x080082b8   0x00000030   Data   RO         4192    .constdata          components.o
    0x080082e8   0x080082e8   0x00000122   Data   RO         4565    .constdata          kservice.o
    0x0800840a   0x0800840a   0x00000028   Data   RO         5272    .constdata          c_w.l(_printf_hex_int.o)
    0x08008432   0x08008432   0x00000011   Data   RO         5302    .constdata          c_w.l(__printf_flags_wp.o)
    0x08008443   0x08008443   0x00000001   PAD
    0x08008444   0x08008444   0x00000094   Data   RO         5594    .constdata          c_w.l(bigflt0.o)
    0x080084d8   0x080084d8   0x00000044   Data   RO         3800    .conststring        cmd.o
    0x0800851c   0x0800851c   0x00000008   Data   RO         4194    .rti_fn.0.end       components.o
    0x08008524   0x08008524   0x00000008   Data   RO         4195    .rti_fn.1.end       components.o
    0x0800852c   0x0800852c   0x00000008   Data   RO         4196    .rti_fn.6.end       components.o
    0x08008534   0x08008534   0x00000020   Data   RO         5732    Region$$Table       anon$$obj.o
    0x08008554   0x08008554   0x0000001c   Data   RO         5625    locale$$data        c_w.l(lc_numeric_c.o)


    Execution Region RW_IRAM1 (Exec base: 0x20000000, Load base: 0x08008570, Size: 0x00001190, Max: 0x00020000, ABSOLUTE, COMPRESSED[0x0000008c])

    Exec Addr    Load Addr    Size         Type   Attr      Idx    E Section Name        Object

    0x20000000   COMPRESSED   0x00000014   Data   RW          268    .data               system_stm32f4xx.o
    0x20000014   COMPRESSED   0x0000000c   Data   RW          339    .data               usart2.o
    0x20000020   COMPRESSED   0x00000005   Data   RW          485    .data               delay.o
    0x20000025   COMPRESSED   0x00000010   Data   RW          856    .data               stm32f4xx_rcc.o
    0x20000035   COMPRESSED   0x00000003   PAD
    0x20000038   COMPRESSED   0x00000004   Data   RW         1766    .data               lora_network.o
    0x2000003c   COMPRESSED   0x0000000c   Data   RW         1931    .data               cjson.o
    0x20000048   COMPRESSED   0x00000002   Data   RW         2338    .data               sx1276.o
    0x2000004a   COMPRESSED   0x00000006   PAD
    0x20000050   COMPRESSED   0x0000005a   Data   RW         2486    .data               sx1276-fsk.o
    0x200000aa   COMPRESSED   0x00000006   PAD
    0x200000b0   COMPRESSED   0x00000040   Data   RW         2823    .data               sx1276-lora.o
    0x200000f0   COMPRESSED   0x00000004   Data   RW         3284    .data               sx12xxeiger.o
    0x200000f4   COMPRESSED   0x00000014   Data   RW         3438    .data               app.o
    0x20000108   COMPRESSED   0x00000010   Data   RW         4115    .data               cpuport.o
    0x20000118   COMPRESSED   0x00000004   Data   RW         4149    .data               clock.o
    0x2000011c   COMPRESSED   0x00000001   Data   RW         4510    .data               irq.o
    0x2000011d   COMPRESSED   0x00000003   PAD
    0x20000120   COMPRESSED   0x00000008   Data   RW         4566    .data               kservice.o
    0x20000128   COMPRESSED   0x00000018   Data   RW         4733    .data               mem.o
    0x20000140   COMPRESSED   0x00000060   Data   RW         4792    .data               object.o
    0x200001a0   COMPRESSED   0x00000018   Data   RW         4862    .data               scheduler.o
    0x200001b8   COMPRESSED   0x00000014   Data   RW         5054    .data               timer.o
    0x200001cc        -       0x000000c8   Zero   RW          338    .bss                usart2.o
    0x20000294        -       0x0000005c   Zero   RW          570    .bss                usart1.o
    0x200002f0        -       0x000000e2   Zero   RW         1765    .bss                lora_network.o
    0x200003d2   COMPRESSED   0x00000002   PAD
    0x200003d4        -       0x00000018   Zero   RW         2279    .bss                radio.o
    0x200003ec        -       0x00000070   Zero   RW         2337    .bss                sx1276.o
    0x2000045c        -       0x00000100   Zero   RW         2485    .bss                sx1276-fsk.o
    0x2000055c        -       0x00000100   Zero   RW         2821    .bss                sx1276-lora.o
    0x2000065c        -       0x00000178   Zero   RW         4335    .bss                idle.o
    0x200007d4        -       0x00000080   Zero   RW         4564    .bss                kservice.o
    0x20000854        -       0x00000020   Zero   RW         4731    .bss                mem.o
    0x20000874        -       0x00000040   Zero   RW         4861    .bss                scheduler.o
    0x200008b4        -       0x00000278   Zero   RW         5053    .bss                timer.o
    0x20000b2c        -       0x00000060   Zero   RW         5555    .bss                c_w.l(libspace.o)
    0x20000b8c   COMPRESSED   0x00000004   PAD
    0x20000b90        -       0x00000200   Zero   RW            2    HEAP                startup_stm32f40_41xxx.o
    0x20000d90        -       0x00000400   Zero   RW            1    STACK               startup_stm32f40_41xxx.o


==============================================================================

Image component sizes


      Code (inc. data)   RO Data    RW Data    ZI Data      Debug   Object Name

       652        236         12         20          0       3175   app.o
       160         30          0          0          0       1205   board.o
      3554        206          0         12          0      18434   cjson.o
        60         12          0          4          0       1265   clock.o
       474        188         68          0          0       7483   cmd.o
       314        118         72          0          0       6228   components.o
       268         24          0          0          0        904   context_rvds.o
       352        166          0         16          0       3754   cpuport.o
       280         26          0          5          0       3511   delay.o
       364         62          0          0          0       3628   device.o
       396        128          0          0          0       2612   esp8266.o
       208         32          0          0        376       4162   idle.o
       392          0          0          0          0       6213   ipc.o
        76         18          0          1          0       2238   irq.o
      1968        176        290          8        128      12956   kservice.o
        60          4          0          0          0        527   led.o
        42          0          0          4        226       3949   lora_network.o
        34          0          0          0          0     284264   main.o
       852        150          0         24         32       4323   mem.o
       160         14          0          0          0       1562   misc.o
       248         10          0         96          0       6138   object.o
      1132        424          0          0          0       4324   onenet_hal.o
         0          0          0          0          0        904   pipe.o
        60         30          0          0         24       1056   radio.o
       168          0          0          0          0       4082   ringbuffer.o
       502         88          0         24         64       7226   scheduler.o
       224         14          0          0          0       1273   spi.o
        64         26        392          0       1536        868   startup_stm32f40_41xxx.o
       246          0          0          0          0       3582   stm32f4xx_gpio.o
        18          0          0          0          0       2767   stm32f4xx_it.o
       328         36          0         16          0       4627   stm32f4xx_rcc.o
       112          0          0          0          0       3510   stm32f4xx_spi.o
       456          8          0          0          0       6079   stm32f4xx_usart.o
      2020        224          0         90        256      34966   sx1276-fsk.o
       478         42          0          0          0       8746   sx1276-hal.o
      2252        212        444         64        256      21490   sx1276-lora.o
      1076        106          0          0          0       7919   sx1276-loramisc.o
       396         50          0          2        112       4610   sx1276.o
         0          0          0          4          0      26785   sx12xxeiger.o
       340         32          0         20          0       1789   system_stm32f4xx.o
       754         36          0          0          0      10959   thread.o
      1136         64          0         20        632      13280   timer.o
       458         26          0          0         92       6221   usart1.o
       300         36          0         12        200       5347   usart2.o

    ----------------------------------------------------------------------
     23476       3054       1310        460       3936     560941   Object Totals
         0          0         32          0          0          0   (incl. Generated)
        42          0          0         18          2          0   (incl. Padding)

    ----------------------------------------------------------------------

      Code (inc. data)   RO Data    RW Data    ZI Data      Debug   Library Member Name

        90          0          0          0          0          0   __dczerorl2.o
         8          0          0          0          0         68   __main.o
       312          4         17          0          0         92   __printf_flags_wp.o
        14          0          0          0          0         68   __printf_wp.o
         0          0          0          0          0          0   __rtentry.o
        12          0          0          0          0          0   __rtentry2.o
         6          0          0          0          0          0   __rtentry4.o
        52          8          0          0          0          0   __scatter.o
        28          0          0          0          0          0   __scatter_zi.o
        44          0          0          0          0        108   _printf_char.o
        48          6          0          0          0         96   _printf_char_common.o
        36          4          0          0          0         80   _printf_char_file.o
         6          0          0          0          0          0   _printf_d.o
       120         16          0          0          0         92   _printf_dec.o
         6          0          0          0          0          0   _printf_e.o
         6          0          0          0          0          0   _printf_f.o
      1054          0          0          0          0        216   _printf_fp_dec.o
       128         16          0          0          0         84   _printf_fp_infnan.o
        88          4         40          0          0         88   _printf_hex_int.o
       178          0          0          0          0         88   _printf_intcommon.o
        78          0          0          0          0        108   _printf_pad.o
         0          0          0          0          0          0   _printf_percent.o
         4          0          0          0          0          0   _printf_percent_end.o
         6          0          0          0          0          0   _printf_s.o
        82          0          0          0          0         80   _printf_str.o
         6          0          0          0          0          0   _printf_x.o
        10          0          0          0          0         68   _sputc.o
       228          4        148          0          0         96   bigflt0.o
      1936        128          0          0          0        672   btod.o
        18          0          0          0          0         80   exit.o
         8          0          0          0          0         68   ferror.o
         6          0          0          0          0        152   heapauxi.o
        44         10         28          0          0         76   lc_numeric_c.o
         2          0          0          0          0          0   libinit.o
        22          0          0          0          0          0   libinit2.o
         2          0          0          0          0          0   libshutdown.o
         2          0          0          0          0          0   libshutdown2.o
         8          4          0          0         96         68   libspace.o
       138          0          0          0          0         80   lludiv10.o
        24          4          0          0          0         84   noretval__2printf.o
        40          6          0          0          0         84   noretval__2sprintf.o
         8          4          0          0          0         68   rt_locale_intlibspace.o
        68          0          0          0          0         68   rt_memclr.o
        78          0          0          0          0         80   rt_memclr_w.o
       138          0          0          0          0         68   rt_memcpy_v6.o
       100          0          0          0          0         80   rt_memcpy_w.o
         2          0          0          0          0          0   rtexit.o
        10          0          0          0          0          0   rtexit2.o
        20          0          0          0          0         68   strchr.o
       128          0          0          0          0         68   strcmpv7m.o
        72          0          0          0          0         80   strcpy.o
        62          0          0          0          0         76   strlen.o
        74          0          0          0          0         80   sys_stackheap_outer.o
         2          0          0          0          0         68   use_no_semi.o
         2          0          0          0          0         68   use_no_semi_2.o
        24          0          0          0          0        164   basic.o
       826         16          0          0          0        492   daddsub_clz.o
        24          0          0          0          0        116   dcmpi.o
       688        140          0          0          0        256   ddiv.o
       120          4          0          0          0        140   deqf.o
        94          4          0          0          0        140   dfix.o
        90          4          0          0          0        140   dfixu.o
        84          0          0          0          0        232   dflt_clz.o
       120          4          0          0          0        140   dleqf.o
       340         12          0          0          0        152   dmul.o
       156          4          0          0          0        140   dnaninf.o
        12          0          0          0          0        116   dretinf.o
       108          0          0          0          0        128   drleqf.o
       180          4          0          0          0        128   drnd.o
        10          0          0          0          0        116   fpinit.o
         4          0          0          0          0        116   printf1.o
         0          0          0          0          0          0   usenofp.o
        20          0          0          0          0        124   fabs.o
       280         28          0          0          0        156   floor.o
        48          0          0          0          0        124   fpclassify.o
       224         30          0          0          0        172   round.o

    ----------------------------------------------------------------------
      9140        468        234          0        100       6960   Library Totals
        24          0          1          0          4          0   (incl. Padding)

    ----------------------------------------------------------------------

      Code (inc. data)   RO Data    RW Data    ZI Data      Debug   Library Name

      5664        218        233          0         96       3668   c_w.l
      2880        192          0          0          0       2716   fz_wm.l
       572         58          0          0          0        576   m_wm.l

    ----------------------------------------------------------------------
      9140        468        234          0        100       6960   Library Totals

    ----------------------------------------------------------------------

==============================================================================


      Code (inc. data)   RO Data    RW Data    ZI Data      Debug   

     32616       3522       1544        460       4036     540221   Grand Totals
     32616       3522       1544        140       4036     540221   ELF Image Totals (compressed)
     32616       3522       1544        140          0          0   ROM Totals

==============================================================================

    Total RO  Size (Code + RO Data)                34160 (  33.36kB)
    Total RW  Size (RW Data + ZI Data)              4496 (   4.39kB)
    Total ROM Size (Code + RO Data + RW Data)      34300 (  33.50kB)

==============================================================================

